Sep  5 22:22:50 michal-comp whoopsie[2642]: [22:22:50] Cannot reach: https://daisy.ubuntu.com
Sep  5 22:23:11 michal-comp anacron[2559]: Job `cron.daily' terminated
Sep  5 22:23:11 michal-comp anacron[2559]: Normal exit (1 job run)
Sep  5 22:23:13 michal-comp whoopsie[2642]: [22:23:13] Cannot reach: https://daisy.ubuntu.com
Sep  5 22:23:36 michal-comp whoopsie[2642]: [22:23:36] Cannot reach: https://daisy.ubuntu.com
Sep  5 22:23:58 michal-comp whoopsie[2642]: [22:23:58] Cannot reach: https://daisy.ubuntu.com
Sep  5 22:24:11 michal-comp whoopsie[2642]: [22:24:11] Cannot reach: https://daisy.ubuntu.com
Sep  5 22:24:28 michal-comp whoopsie[2642]: [22:24:28] Cannot reach: https://daisy.ubuntu.com
Sep  5 22:24:39 michal-comp whoopsie[2642]: [22:24:39] Cannot reach: https://daisy.ubuntu.com
Sep  5 22:24:59 michal-comp whoopsie[2642]: [22:24:59] Cannot reach: https://daisy.ubuntu.com
Sep  5 22:25:12 michal-comp whoopsie[2642]: [22:25:12] Cannot reach: https://daisy.ubuntu.com
Sep  5 22:25:41 michal-comp whoopsie[2642]: [22:25:41] Cannot reach: https://daisy.ubuntu.com
Sep  5 22:25:59 michal-comp org.gtk.vfs.Daemon[3012]: A connection to the bus can't be made
Sep  5 22:25:59 michal-comp systemd[1]: Created slice User Slice of michal.
Sep  5 22:25:59 michal-comp systemd[1]: Starting User Manager for UID 1000...
Sep  5 22:25:59 michal-comp systemd[1]: Started Session c2 of user michal.
Sep  5 22:25:59 michal-comp systemd[4279]: Reached target Paths.
Sep  5 22:25:59 michal-comp systemd[4279]: Reached target Sockets.
Sep  5 22:25:59 michal-comp systemd[4279]: Reached target Timers.
Sep  5 22:25:59 michal-comp systemd[4279]: Reached target Basic System.
Sep  5 22:25:59 michal-comp systemd[4279]: Reached target Default.
Sep  5 22:25:59 michal-comp systemd[4279]: Startup finished in 16ms.
Sep  5 22:25:59 michal-comp systemd[1]: Started User Manager for UID 1000.
Sep  5 22:26:01 michal-comp org.ayatana.bamf[4375]: bamfdaemon start/running, process 4486
Sep  5 22:26:01 michal-comp org.a11y.atspi.Registry[4528]: SpiRegistry daemon is running with well-known name - org.a11y.atspi.Registry
Sep  5 22:26:01 michal-comp rtkit-daemon[3507]: Successfully made thread 4593 of process 4593 (n/a) owned by '1000' high priority at nice level -11.
Sep  5 22:26:01 michal-comp rtkit-daemon[3507]: Supervising 4 threads of 2 processes of 2 users.
Sep  5 22:26:01 michal-comp systemd[1]: Started CUPS Scheduler.
Sep  5 22:26:01 michal-comp org.gnome.ScreenSaver[4375]: ** (gnome-screensaver:4586): WARNING **: Couldn't get presence status: The name org.gnome.SessionManager was not provided by any .service files
Sep  5 22:26:01 michal-comp gnome-session[4514]: SSH_AUTH_SOCK=/run/user/1000/keyring/ssh
Sep  5 22:26:01 michal-comp gnome-session[4514]: SSH_AUTH_SOCK=/run/user/1000/keyring/ssh
Sep  5 22:26:01 michal-comp gnome-session[4514]: SSH_AUTH_SOCK=/run/user/1000/keyring/ssh
Sep  5 22:26:02 michal-comp rtkit-daemon[3507]: Supervising 4 threads of 2 processes of 2 users.
Sep  5 22:26:02 michal-comp rtkit-daemon[3507]: Successfully made thread 4641 of process 4593 (n/a) owned by '1000' RT at priority 5.
Sep  5 22:26:02 michal-comp rtkit-daemon[3507]: Supervising 5 threads of 2 processes of 2 users.
Sep  5 22:26:02 michal-comp rtkit-daemon[3507]: Supervising 5 threads of 2 processes of 2 users.
Sep  5 22:26:02 michal-comp rtkit-daemon[3507]: Successfully made thread 4642 of process 4593 (n/a) owned by '1000' RT at priority 5.
Sep  5 22:26:02 michal-comp rtkit-daemon[3507]: Supervising 6 threads of 2 processes of 2 users.
Sep  5 22:26:02 michal-comp dbus[2571]: [system] Activating via systemd: service name='org.freedesktop.locale1' unit='dbus-org.freedesktop.locale1.service'
Sep  5 22:26:02 michal-comp bluetoothd[2567]: Endpoint registered: sender=:1.78 path=/MediaEndpoint/A2DPSource
Sep  5 22:26:02 michal-comp bluetoothd[2567]: Endpoint registered: sender=:1.78 path=/MediaEndpoint/A2DPSink
Sep  5 22:26:02 michal-comp systemd[1]: Starting Locale Service...
Sep  5 22:26:02 michal-comp pulseaudio[4593]: [pulseaudio] backend-ofono.c: Failed to register as a handsfree audio agent with ofono: org.freedesktop.DBus.Error.ServiceUnknown: The name org.ofono was not provided by any .service files
Sep  5 22:26:02 michal-comp bluetoothd[2567]: RFCOMM server failed for Headset Voice gateway: rfcomm_bind: Address already in use (98)
Sep  5 22:26:02 michal-comp rtkit-daemon[3507]: Successfully made thread 4651 of process 4651 (n/a) owned by '1000' high priority at nice level -11.
Sep  5 22:26:02 michal-comp rtkit-daemon[3507]: Supervising 7 threads of 3 processes of 2 users.
Sep  5 22:26:02 michal-comp pulseaudio[4651]: [pulseaudio] pid.c: Daemon already running.
Sep  5 22:26:02 michal-comp dbus[2571]: [system] Successfully activated service 'org.freedesktop.locale1'
Sep  5 22:26:02 michal-comp systemd[1]: Started Locale Service.
Sep  5 22:26:02 michal-comp gnome-session-binary[4514]: Entering running state
Sep  5 22:26:02 michal-comp gnome-session[4514]: (process:4659): indicator-application-service-WARNING **: Unable to get watcher name 'org.kde.StatusNotifierWatcher'
Sep  5 22:26:02 michal-comp gnome-session[4514]: (process:4659): indicator-application-service-WARNING **: Name Lost
Sep  5 22:26:03 michal-comp dbus[2571]: [system] Activating via systemd: service name='org.freedesktop.UDisks2' unit='udisks2.service'
Sep  5 22:26:03 michal-comp systemd[1]: Starting Disk Manager...
Sep  5 22:26:03 michal-comp udisksd[4689]: udisks daemon version 2.1.7 starting
Sep  5 22:26:03 michal-comp dbus[2571]: [system] Successfully activated service 'org.freedesktop.UDisks2'
Sep  5 22:26:03 michal-comp systemd[1]: Started Disk Manager.
Sep  5 22:26:03 michal-comp udisksd[4689]: Acquired the name org.freedesktop.UDisks2 on the system message bus
Sep  5 22:26:03 michal-comp org.gtk.vfs.AfcVolumeMonitor[4375]: Volume monitor alive
Sep  5 22:26:04 michal-comp gnome-session[4514]: (gnome-software:4658): Gs-WARNING **: Failed to create permission org.freedesktop.packagekit.trigger-offline-update: GDBus.Error:org.freedesktop.PolicyKit1.Error.Failed: Action org.freedesktop.packagekit.trigger-offline-update is not registered
Sep  5 22:26:04 michal-comp gnome-session[4514]: (gnome-software:4658): Gs-WARNING **: Failed to create permission org.freedesktop.packagekit.trigger-offline-update: GDBus.Error:org.freedesktop.PolicyKit1.Error.Failed: Action org.freedesktop.packagekit.trigger-offline-update is not registered
Sep  5 22:26:04 michal-comp dbus[2571]: [system] Activating service name='org.freedesktop.fwupd' (using servicehelper)
Sep  5 22:26:07 michal-comp org.gnome.ScreenSaver[4375]: ** Message: Lost the name, shutting down.
Sep  5 22:26:07 michal-comp com.canonical.hud[4375]: start: Job is already running: hud
Sep  5 22:26:08 michal-comp org.freedesktop.fwupd[2571]: (fwupd:4720): Fu-WARNING **: Failed to coldplug: UEFI firmware updating not supported
Sep  5 22:26:08 michal-comp dbus[2571]: [system] Successfully activated service 'org.freedesktop.fwupd'
Sep  5 22:26:08 michal-comp whoopsie[2642]: [22:26:08] Cannot reach: https://daisy.ubuntu.com
Sep  5 22:26:08 michal-comp gnome-session[4514]: (gnome-software:4658): GsPlugin-WARNING **: Failed to download https://secure-lvfs.rhcloud.com/downloads/firmware.xml.gz.asc, ignoring: Cannot resolve hostname
Sep  5 22:26:08 michal-comp dbus[2571]: [system] Activating service name='org.debian.apt' (using servicehelper)
Sep  5 22:26:09 michal-comp AptDaemon: INFO: Initializing daemon
Sep  5 22:26:09 michal-comp org.debian.apt[2571]: 22:26:09 AptDaemon [INFO]: Initializing daemon
Sep  5 22:26:09 michal-comp dbus[2571]: [system] Successfully activated service 'org.debian.apt'
Sep  5 22:26:10 michal-comp AptDaemon.PackageKit: INFO: Initializing PackageKit compat layer
Sep  5 22:26:10 michal-comp org.debian.apt[2571]: /usr/lib/python3/dist-packages/aptdaemon/worker/pkworker.py:35: PyGIWarning: PackageKitGlib was imported without specifying a version first. Use gi.require_version('PackageKitGlib', '1.0') before import to ensure that the right version gets loaded.
Sep  5 22:26:10 michal-comp org.debian.apt[2571]:   from gi.repository import PackageKitGlib as pk
Sep  5 22:26:10 michal-comp org.debian.apt[2571]: 22:26:10 AptDaemon.PackageKit [INFO]: Initializing PackageKit compat layer
Sep  5 22:26:10 michal-comp AptDaemon: INFO: UpdateCache() was called
Sep  5 22:26:10 michal-comp org.debian.apt[2571]: 22:26:10 AptDaemon [INFO]: UpdateCache() was called
Sep  5 22:26:10 michal-comp AptDaemon.Trans: INFO: Queuing transaction /org/debian/apt/transaction/6b1fef0f69884a5daf4a86fd50fa7c8c
Sep  5 22:26:10 michal-comp org.debian.apt[2571]: 22:26:10 AptDaemon.Trans [INFO]: Queuing transaction /org/debian/apt/transaction/6b1fef0f69884a5daf4a86fd50fa7c8c
Sep  5 22:26:10 michal-comp AptDaemon.Worker: INFO: Simulating trans: /org/debian/apt/transaction/6b1fef0f69884a5daf4a86fd50fa7c8c
Sep  5 22:26:10 michal-comp org.debian.apt[2571]: 22:26:10 AptDaemon.Worker [INFO]: Simulating trans: /org/debian/apt/transaction/6b1fef0f69884a5daf4a86fd50fa7c8c
Sep  5 22:26:10 michal-comp AptDaemon.Worker: INFO: Processing transaction /org/debian/apt/transaction/6b1fef0f69884a5daf4a86fd50fa7c8c
Sep  5 22:26:10 michal-comp org.debian.apt[2571]: 22:26:10 AptDaemon.Worker [INFO]: Processing transaction /org/debian/apt/transaction/6b1fef0f69884a5daf4a86fd50fa7c8c
Sep  5 22:26:10 michal-comp AptDaemon.Worker: INFO: Updating cache
Sep  5 22:26:10 michal-comp org.debian.apt[2571]: 22:26:10 AptDaemon.Worker [INFO]: Updating cache
Sep  5 22:26:11 michal-comp AptDaemon.Worker: INFO: Finished transaction /org/debian/apt/transaction/6b1fef0f69884a5daf4a86fd50fa7c8c
Sep  5 22:26:11 michal-comp org.debian.apt[2571]: 22:26:11 AptDaemon.Worker [INFO]: Finished transaction /org/debian/apt/transaction/6b1fef0f69884a5daf4a86fd50fa7c8c
Sep  5 22:26:14 michal-comp gnome-session[4514]: (gnome-software:4658): Gs-WARNING **: failed to call gs_plugin_refresh on apt: apt transaction returned result exit-failed
Sep  5 22:26:17 michal-comp dbus[2571]: [system] Activating via systemd: service name='org.freedesktop.hostname1' unit='dbus-org.freedesktop.hostname1.service'
Sep  5 22:26:17 michal-comp systemd[1]: Starting Hostname Service...
Sep  5 22:26:17 michal-comp dbus[2571]: [system] Successfully activated service 'org.freedesktop.hostname1'
Sep  5 22:26:17 michal-comp systemd[1]: Started Hostname Service.
Sep  5 22:26:18 michal-comp gnome-session[4514]: Nautilus-Share-Message: Called "net usershare info" but it failed: Failed to execute child process "net" (No such file or directory)
Sep  5 22:26:19 michal-comp org.gtk.vfs.Daemon[4375]: ** (gvfsd:4446): WARNING **: dbus_mount_reply: Error from org.gtk.vfs.Mountable.mount(): Failed to retrieve share list from server: Connection refused
Sep  5 22:26:19 michal-comp org.gtk.vfs.Daemon[4375]: ** (process:4965): WARNING **: Couldn't create directory monitor on smb://x-gnome-default-workgroup/. Error: The specified location is not mounted
Sep  5 22:26:19 michal-comp org.gtk.vfs.Daemon[4375]: ** (gvfsd:4446): WARNING **: dbus_mount_reply: Error from org.gtk.vfs.Mountable.mount(): Failed to retrieve share list from server: Connection refused
Sep  5 22:26:19 michal-comp org.gtk.vfs.Daemon[4375]: ** (process:4968): WARNING **: Couldn't create directory monitor on smb://x-gnome-default-workgroup/. Error: The specified location is not mounted
Sep  5 22:26:19 michal-comp bluetoothd[2567]: Endpoint unregistered: sender=:1.47 path=/MediaEndpoint/A2DPSource
Sep  5 22:26:19 michal-comp bluetoothd[2567]: Endpoint unregistered: sender=:1.47 path=/MediaEndpoint/A2DPSink
Sep  5 22:26:19 michal-comp systemd[1]: Stopping User Manager for UID 108...
Sep  5 22:26:19 michal-comp systemd[2969]: Reached target Shutdown.
Sep  5 22:26:19 michal-comp systemd[2969]: Stopped target Default.
Sep  5 22:26:19 michal-comp systemd[2969]: Stopped target Basic System.
Sep  5 22:26:19 michal-comp systemd[2969]: Stopped target Paths.
Sep  5 22:26:19 michal-comp systemd[2969]: Stopped target Sockets.
Sep  5 22:26:19 michal-comp systemd[2969]: Stopped target Timers.
Sep  5 22:26:19 michal-comp systemd[2969]: Starting Exit the Session...
Sep  5 22:26:19 michal-comp systemd[2969]: Received SIGRTMIN+24 from PID 5005 (kill).
Sep  5 22:26:19 michal-comp systemd[1]: Stopped User Manager for UID 108.
Sep  5 22:26:19 michal-comp systemd[1]: Removed slice User Slice of lightdm.
Sep  5 22:26:23 michal-comp org.gnome.zeitgeist.Engine[4375]: ** (zeitgeist-datahub:5035): WARNING **: zeitgeist-datahub.vala:229: Unable to get name "org.gnome.zeitgeist.datahub" on the bus!
Sep  5 22:26:26 michal-comp whoopsie[2642]: [22:26:26] Cannot reach: https://daisy.ubuntu.com
Sep  5 22:26:30 michal-comp gnome-session[4514]: org.eclipse.m2e.logback.configuration: The org.eclipse.m2e.logback.configuration bundle was activated before the state location was initialized.  Will retry after the state location is initialized.
Sep  5 22:26:37 michal-comp gnome-session[4514]: org.eclipse.m2e.logback.configuration: Logback config file: /home/michal/workspace/.metadata/.plugins/org.eclipse.m2e.logback.configuration/logback.1.7.0.20160603-1933.xml
Sep  5 22:26:37 michal-comp gnome-session[4514]: SLF4J: Class path contains multiple SLF4J bindings.
Sep  5 22:26:37 michal-comp gnome-session[4514]: SLF4J: Found binding in [bundleresource://952.fwk802628402:1/org/slf4j/impl/StaticLoggerBinder.class]
Sep  5 22:26:37 michal-comp gnome-session[4514]: SLF4J: Found binding in [bundleresource://952.fwk802628402:2/org/slf4j/impl/StaticLoggerBinder.class]
Sep  5 22:26:37 michal-comp gnome-session[4514]: SLF4J: See http://www.slf4j.org/codes.html#multiple_bindings for an explanation.
Sep  5 22:26:38 michal-comp gnome-session[4514]: SLF4J: Actual binding is of type [ch.qos.logback.classic.util.ContextSelectorStaticBinder]
Sep  5 22:26:38 michal-comp gnome-session[4514]: org.eclipse.m2e.logback.configuration: Initializing logback
Sep  5 22:26:40 michal-comp whoopsie[2642]: [22:26:40] Cannot reach: https://daisy.ubuntu.com
Sep  5 22:27:00 michal-comp whoopsie[2642]: [22:27:00] Cannot reach: https://daisy.ubuntu.com
Sep  5 22:27:24 michal-comp whoopsie[2642]: [22:27:24] Cannot reach: https://daisy.ubuntu.com
Sep  5 22:27:42 michal-comp whoopsie[2642]: [22:27:42] Cannot reach: https://daisy.ubuntu.com
Sep  5 22:27:56 michal-comp whoopsie[2642]: [22:27:56] Cannot reach: https://daisy.ubuntu.com
Sep  5 22:28:24 michal-comp whoopsie[2642]: [22:28:24] Cannot reach: https://daisy.ubuntu.com
Sep  5 22:28:36 michal-comp whoopsie[2642]: [22:28:36] Cannot reach: https://daisy.ubuntu.com
Sep  5 22:28:55 michal-comp whoopsie[2642]: [22:28:55] Cannot reach: https://daisy.ubuntu.com
Sep  5 22:29:16 michal-comp whoopsie[2642]: [22:29:16] Cannot reach: https://daisy.ubuntu.com
Sep  5 22:29:32 michal-comp whoopsie[2642]: [22:29:32] Cannot reach: https://daisy.ubuntu.com
Sep  5 22:29:50 michal-comp whoopsie[2642]: [22:29:50] Cannot reach: https://daisy.ubuntu.com
Sep  5 22:29:53 michal-comp whoopsie[2642]: [22:29:53] Cannot reach: https://daisy.ubuntu.com
Sep  5 22:30:13 michal-comp whoopsie[2642]: [22:30:13] Cannot reach: https://daisy.ubuntu.com
Sep  5 22:30:36 michal-comp whoopsie[2642]: [22:30:36] Cannot reach: https://daisy.ubuntu.com
Sep  5 22:31:01 michal-comp whoopsie[2642]: [22:31:01] Cannot reach: https://daisy.ubuntu.com
Sep  5 22:31:24 michal-comp whoopsie[2642]: [22:31:24] Cannot reach: https://daisy.ubuntu.com
Sep  5 22:31:38 michal-comp whoopsie[2642]: [22:31:38] Cannot reach: https://daisy.ubuntu.com
Sep  5 22:31:53 michal-comp whoopsie[2642]: [22:31:53] Cannot reach: https://daisy.ubuntu.com
Sep  5 22:32:13 michal-comp whoopsie[2642]: [22:32:13] Cannot reach: https://daisy.ubuntu.com
Sep  5 22:32:37 michal-comp whoopsie[2642]: [22:32:37] Cannot reach: https://daisy.ubuntu.com
Sep  5 22:32:47 michal-comp systemd[1]: Starting Cleanup of Temporary Directories...
Sep  5 22:32:47 michal-comp systemd-tmpfiles[5259]: [/usr/lib/tmpfiles.d/var.conf:14] Duplicate line for path "/var/log", ignoring.
Sep  5 22:32:47 michal-comp systemd[1]: Started Cleanup of Temporary Directories.
Sep  5 22:33:03 michal-comp whoopsie[2642]: [22:33:03] Cannot reach: https://daisy.ubuntu.com
Sep  5 22:33:29 michal-comp whoopsie[2642]: [22:33:29] Cannot reach: https://daisy.ubuntu.com
Sep  5 22:33:40 michal-comp whoopsie[2642]: [22:33:40] Cannot reach: https://daisy.ubuntu.com
Sep  5 22:34:08 michal-comp whoopsie[2642]: [22:34:08] Cannot reach: https://daisy.ubuntu.com
Sep  5 22:34:36 michal-comp whoopsie[2642]: [22:34:36] Cannot reach: https://daisy.ubuntu.com
Sep  5 22:34:50 michal-comp whoopsie[2642]: [22:34:50] Cannot reach: https://daisy.ubuntu.com
Sep  5 22:35:11 michal-comp whoopsie[2642]: [22:35:11] Cannot reach: https://daisy.ubuntu.com
Sep  5 22:35:34 michal-comp whoopsie[2642]: [22:35:34] Cannot reach: https://daisy.ubuntu.com
Sep  5 22:35:58 michal-comp whoopsie[2642]: [22:35:58] Cannot reach: https://daisy.ubuntu.com
Sep  5 22:36:17 michal-comp whoopsie[2642]: [22:36:17] Cannot reach: https://daisy.ubuntu.com
Sep  5 22:36:31 michal-comp whoopsie[2642]: [22:36:31] Cannot reach: https://daisy.ubuntu.com
Sep  5 22:36:49 michal-comp whoopsie[2642]: [22:36:49] Cannot reach: https://daisy.ubuntu.com
Sep  5 22:37:04 michal-comp whoopsie[2642]: [22:37:04] Cannot reach: https://daisy.ubuntu.com
Sep  5 22:37:10 michal-comp AptDaemon: INFO: Quitting due to inactivity
Sep  5 22:37:10 michal-comp AptDaemon: INFO: Quitting was requested
Sep  5 22:37:10 michal-comp org.debian.apt[2571]: 22:37:10 AptDaemon [INFO]: Quitting due to inactivity
Sep  5 22:37:10 michal-comp org.debian.apt[2571]: 22:37:10 AptDaemon [INFO]: Quitting was requested
Sep  5 22:37:22 michal-comp whoopsie[2642]: [22:37:22] Cannot reach: https://daisy.ubuntu.com
Sep  5 22:37:51 michal-comp whoopsie[2642]: [22:37:51] Cannot reach: https://daisy.ubuntu.com
Sep  5 22:38:07 michal-comp whoopsie[2642]: [22:38:07] Cannot reach: https://daisy.ubuntu.com
Sep  5 22:38:18 michal-comp whoopsie[2642]: [22:38:18] Cannot reach: https://daisy.ubuntu.com
Sep  5 22:38:40 michal-comp whoopsie[2642]: [22:38:40] Cannot reach: https://daisy.ubuntu.com
Sep  5 22:38:59 michal-comp whoopsie[2642]: [22:38:59] Cannot reach: https://daisy.ubuntu.com
Sep  5 22:39:11 michal-comp whoopsie[2642]: [22:39:11] Cannot reach: https://daisy.ubuntu.com
Sep  5 22:39:35 michal-comp whoopsie[2642]: [22:39:35] Cannot reach: https://daisy.ubuntu.com
Sep  5 22:39:55 michal-comp whoopsie[2642]: [22:39:55] Cannot reach: https://daisy.ubuntu.com
Sep  5 22:40:21 michal-comp whoopsie[2642]: [22:40:21] Cannot reach: https://daisy.ubuntu.com
Sep  5 22:40:43 michal-comp whoopsie[2642]: [22:40:43] Cannot reach: https://daisy.ubuntu.com
Sep  5 22:40:54 michal-comp whoopsie[2642]: [22:40:54] Cannot reach: https://daisy.ubuntu.com
Sep  5 22:41:13 michal-comp whoopsie[2642]: [22:41:13] Cannot reach: https://daisy.ubuntu.com
Sep  5 22:41:32 michal-comp whoopsie[2642]: [22:41:32] Cannot reach: https://daisy.ubuntu.com
Sep  5 22:42:00 michal-comp whoopsie[2642]: [22:42:00] Cannot reach: https://daisy.ubuntu.com
Sep  5 22:42:29 michal-comp whoopsie[2642]: [22:42:29] Cannot reach: https://daisy.ubuntu.com
Sep  5 22:42:48 michal-comp whoopsie[2642]: [22:42:48] Cannot reach: https://daisy.ubuntu.com
Sep  5 22:43:17 michal-comp whoopsie[2642]: [22:43:17] Cannot reach: https://daisy.ubuntu.com
Sep  5 22:43:32 michal-comp whoopsie[2642]: [22:43:32] Cannot reach: https://daisy.ubuntu.com
Sep  5 22:43:53 michal-comp whoopsie[2642]: [22:43:53] Cannot reach: https://daisy.ubuntu.com
Sep  5 22:44:09 michal-comp whoopsie[2642]: [22:44:09] Cannot reach: https://daisy.ubuntu.com
Sep  5 22:44:21 michal-comp whoopsie[2642]: [22:44:21] Cannot reach: https://daisy.ubuntu.com
Sep  5 22:44:35 michal-comp whoopsie[2642]: [22:44:35] Cannot reach: https://daisy.ubuntu.com
Sep  5 22:45:01 michal-comp whoopsie[2642]: [22:45:01] Cannot reach: https://daisy.ubuntu.com
Sep  5 22:45:15 michal-comp whoopsie[2642]: [22:45:15] Cannot reach: https://daisy.ubuntu.com
Sep  5 22:45:21 michal-comp NetworkManager[2631]: <info>  [1473108321.1824] manager: disable requested (sleeping: no  enabled: yes)
Sep  5 22:45:21 michal-comp NetworkManager[2631]: <info>  [1473108321.1824] manager: disabling...
Sep  5 22:45:21 michal-comp NetworkManager[2631]: <info>  [1473108321.1825] device (wlp3s0): state change: activated -> unmanaged (reason 'sleeping') [100 10 37]
Sep  5 22:45:21 michal-comp NetworkManager[2631]: <info>  [1473108321.2152] dhcp4 (wlp3s0): canceled DHCP transaction, DHCP client pid 2934
Sep  5 22:45:21 michal-comp NetworkManager[2631]: <info>  [1473108321.2152] dhcp4 (wlp3s0): state changed bound -> done
Sep  5 22:45:21 michal-comp NetworkManager[2631]: <info>  [1473108321.2177] dns-mgr: Writing DNS information to /sbin/resolvconf
Sep  5 22:45:21 michal-comp dnsmasq[3018]: setting upstream servers from DBus
Sep  5 22:45:21 michal-comp dnsmasq[3018]: using nameserver 2001:730:3ed2:1000::53#53
Sep  5 22:45:21 michal-comp dnsmasq[3018]: using nameserver 2001:730:3ed2::53#53
Sep  5 22:45:21 michal-comp avahi-daemon[2561]: Withdrawing address record for 2a02:a317:c860:b300:6abc:18bc:d0e5:2ab6 on wlp3s0.
Sep  5 22:45:21 michal-comp kernel: [ 1668.218993] wlp3s0: deauthenticating from 24:ec:99:e3:6b:ef by local choice (Reason: 3=DEAUTH_LEAVING)
Sep  5 22:45:21 michal-comp avahi-daemon[2561]: Withdrawing address record for 2a02:a317:c860:b300:81a6:af1a:1cbe:db07 on wlp3s0.
Sep  5 22:45:21 michal-comp avahi-daemon[2561]: Leaving mDNS multicast group on interface wlp3s0.IPv6 with address 2a02:a317:c860:b300:81a6:af1a:1cbe:db07.
Sep  5 22:45:21 michal-comp avahi-daemon[2561]: Joining mDNS multicast group on interface wlp3s0.IPv6 with address 2a02:a317:c860:b300::a.
Sep  5 22:45:21 michal-comp avahi-daemon[2561]: Withdrawing address record for 2a02:a317:c860:b300::a on wlp3s0.
Sep  5 22:45:21 michal-comp avahi-daemon[2561]: Leaving mDNS multicast group on interface wlp3s0.IPv6 with address 2a02:a317:c860:b300::a.
Sep  5 22:45:21 michal-comp avahi-daemon[2561]: Interface wlp3s0.IPv6 no longer relevant for mDNS.
Sep  5 22:45:21 michal-comp wpa_supplicant[2798]: wlp3s0: CTRL-EVENT-DISCONNECTED bssid=24:ec:99:e3:6b:ef reason=3 locally_generated=1
Sep  5 22:45:21 michal-comp NetworkManager[2631]: <info>  [1473108321.2318] dns-mgr: Writing DNS information to /sbin/resolvconf
Sep  5 22:45:21 michal-comp dnsmasq[3018]: setting upstream servers from DBus
Sep  5 22:45:21 michal-comp NetworkManager[2631]: <info>  [1473108321.2413] manager: NetworkManager state is now ASLEEP
Sep  5 22:45:21 michal-comp kernel: [ 1668.268245] cfg80211: World regulatory domain updated:
Sep  5 22:45:21 michal-comp kernel: [ 1668.268248] cfg80211:  DFS Master region: unset
Sep  5 22:45:21 michal-comp kernel: [ 1668.268250] cfg80211:   (start_freq - end_freq @ bandwidth), (max_antenna_gain, max_eirp), (dfs_cac_time)
Sep  5 22:45:21 michal-comp kernel: [ 1668.268253] cfg80211:   (2402000 KHz - 2472000 KHz @ 40000 KHz), (N/A, 2000 mBm), (N/A)
Sep  5 22:45:21 michal-comp kernel: [ 1668.268255] cfg80211:   (2457000 KHz - 2482000 KHz @ 40000 KHz), (N/A, 2000 mBm), (N/A)
Sep  5 22:45:21 michal-comp kernel: [ 1668.268256] cfg80211:   (2474000 KHz - 2494000 KHz @ 20000 KHz), (N/A, 2000 mBm), (N/A)
Sep  5 22:45:21 michal-comp kernel: [ 1668.268259] cfg80211:   (5170000 KHz - 5250000 KHz @ 80000 KHz, 160000 KHz AUTO), (N/A, 2000 mBm), (N/A)
Sep  5 22:45:21 michal-comp kernel: [ 1668.268261] cfg80211:   (5250000 KHz - 5330000 KHz @ 80000 KHz, 160000 KHz AUTO), (N/A, 2000 mBm), (0 s)
Sep  5 22:45:21 michal-comp kernel: [ 1668.268263] cfg80211:   (5490000 KHz - 5730000 KHz @ 160000 KHz), (N/A, 2000 mBm), (0 s)
Sep  5 22:45:21 michal-comp kernel: [ 1668.268264] cfg80211:   (5735000 KHz - 5835000 KHz @ 80000 KHz), (N/A, 2000 mBm), (N/A)
Sep  5 22:45:21 michal-comp kernel: [ 1668.268266] cfg80211:   (57240000 KHz - 63720000 KHz @ 2160000 KHz), (N/A, 0 mBm), (N/A)
Sep  5 22:45:21 michal-comp NetworkManager[2631]: <info>  [1473108321.3169] device (enp5s0): state change: unavailable -> unmanaged (reason 'sleeping') [20 10 37]
Sep  5 22:45:21 michal-comp dbus[2571]: [system] Activating via systemd: service name='org.freedesktop.nm_dispatcher' unit='dbus-org.freedesktop.nm-dispatcher.service'
Sep  5 22:45:21 michal-comp wpa_supplicant[2798]: nl80211: deinit ifname=wlp3s0 disabled_11b_rates=0
Sep  5 22:45:21 michal-comp NetworkManager[2631]: <info>  [1473108321.3290] audit: op="networking-control" arg="off" pid=4663 uid=1000 result="success"
Sep  5 22:45:21 michal-comp systemd[1]: Starting Network Manager Script Dispatcher Service...
Sep  5 22:45:21 michal-comp dbus[2571]: [system] Successfully activated service 'org.freedesktop.nm_dispatcher'
Sep  5 22:45:21 michal-comp systemd[1]: Started Network Manager Script Dispatcher Service.
Sep  5 22:45:21 michal-comp nm-dispatcher: req:1 'down' [wlp3s0]: new request (1 scripts)
Sep  5 22:45:21 michal-comp nm-dispatcher: req:1 'down' [wlp3s0]: start running ordered scripts...
Sep  5 22:45:23 michal-comp NetworkManager[2631]: <info>  [1473108323.4528] manager: enable requested (sleeping: no  enabled: no)
Sep  5 22:45:23 michal-comp NetworkManager[2631]: <info>  [1473108323.4529] manager: re-enabling...
Sep  5 22:45:23 michal-comp NetworkManager[2631]: <info>  [1473108323.4529] device (wlp3s0): state change: unmanaged -> unavailable (reason 'managed') [10 20 2]
Sep  5 22:45:23 michal-comp kernel: [ 1670.451881] IPv6: ADDRCONF(NETDEV_UP): wlp3s0: link is not ready
Sep  5 22:45:23 michal-comp NetworkManager[2631]: <info>  [1473108323.4723] device (enp5s0): state change: unmanaged -> unavailable (reason 'managed') [10 20 2]
Sep  5 22:45:23 michal-comp kernel: [ 1670.470183] IPv6: ADDRCONF(NETDEV_UP): wlp3s0: link is not ready
Sep  5 22:45:23 michal-comp kernel: [ 1670.471290] IPv6: ADDRCONF(NETDEV_UP): enp5s0: link is not ready
Sep  5 22:45:23 michal-comp kernel: [ 1670.613092] r8169 0000:05:00.0 enp5s0: link down
Sep  5 22:45:23 michal-comp kernel: [ 1670.613154] IPv6: ADDRCONF(NETDEV_UP): enp5s0: link is not ready
Sep  5 22:45:23 michal-comp NetworkManager[2631]: <info>  [1473108323.6152] manager: NetworkManager state is now DISCONNECTED
Sep  5 22:45:23 michal-comp NetworkManager[2631]: <info>  [1473108323.6154] audit: op="networking-control" arg="on" pid=4663 uid=1000 result="success"
Sep  5 22:45:23 michal-comp wpa_supplicant[2798]: dbus: wpa_dbus_get_object_properties: failed to get object properties: (none) none
Sep  5 22:45:23 michal-comp wpa_supplicant[2798]: dbus: Failed to construct signal
Sep  5 22:45:23 michal-comp NetworkManager[2631]: <info>  [1473108323.6595] device (wlp3s0): supplicant interface state: starting -> ready
Sep  5 22:45:23 michal-comp NetworkManager[2631]: <info>  [1473108323.6596] device (wlp3s0): state change: unavailable -> disconnected (reason 'supplicant-available') [20 30 42]
Sep  5 22:45:23 michal-comp kernel: [ 1670.658422] IPv6: ADDRCONF(NETDEV_UP): wlp3s0: link is not ready
Sep  5 22:45:26 michal-comp whoopsie[2642]: [22:45:26] Cannot reach: https://daisy.ubuntu.com
Sep  5 22:45:46 michal-comp NetworkManager[2631]: <info>  [1473108346.9683] manager: disable requested (sleeping: no  enabled: yes)
Sep  5 22:45:46 michal-comp NetworkManager[2631]: <info>  [1473108346.9684] manager: disabling...
Sep  5 22:45:46 michal-comp NetworkManager[2631]: <info>  [1473108346.9685] device (wlp3s0): state change: disconnected -> unmanaged (reason 'sleeping') [30 10 37]
Sep  5 22:45:46 michal-comp NetworkManager[2631]: <info>  [1473108346.9798] device (enp5s0): state change: unavailable -> unmanaged (reason 'sleeping') [20 10 37]
Sep  5 22:45:46 michal-comp wpa_supplicant[2798]: nl80211: deinit ifname=wlp3s0 disabled_11b_rates=0
Sep  5 22:45:47 michal-comp NetworkManager[2631]: <info>  [1473108347.0004] manager: NetworkManager state is now ASLEEP
Sep  5 22:45:47 michal-comp NetworkManager[2631]: <info>  [1473108347.0006] audit: op="networking-control" arg="off" pid=4663 uid=1000 result="success"
Sep  5 22:45:48 michal-comp NetworkManager[2631]: <info>  [1473108348.8689] manager: enable requested (sleeping: no  enabled: no)
Sep  5 22:45:48 michal-comp NetworkManager[2631]: <info>  [1473108348.8689] manager: re-enabling...
Sep  5 22:45:48 michal-comp NetworkManager[2631]: <info>  [1473108348.8689] device (wlp3s0): state change: unmanaged -> unavailable (reason 'managed') [10 20 2]
Sep  5 22:45:48 michal-comp kernel: [ 1695.868604] IPv6: ADDRCONF(NETDEV_UP): wlp3s0: link is not ready
Sep  5 22:45:48 michal-comp NetworkManager[2631]: <info>  [1473108348.8891] device (enp5s0): state change: unmanaged -> unavailable (reason 'managed') [10 20 2]
Sep  5 22:45:48 michal-comp kernel: [ 1695.887127] IPv6: ADDRCONF(NETDEV_UP): wlp3s0: link is not ready
Sep  5 22:45:48 michal-comp kernel: [ 1695.888728] IPv6: ADDRCONF(NETDEV_UP): enp5s0: link is not ready
Sep  5 22:45:49 michal-comp kernel: [ 1696.029645] r8169 0000:05:00.0 enp5s0: link down
Sep  5 22:45:49 michal-comp kernel: [ 1696.029744] IPv6: ADDRCONF(NETDEV_UP): enp5s0: link is not ready
Sep  5 22:45:49 michal-comp NetworkManager[2631]: <info>  [1473108349.0318] manager: NetworkManager state is now DISCONNECTED
Sep  5 22:45:49 michal-comp NetworkManager[2631]: <info>  [1473108349.0320] audit: op="networking-control" arg="on" pid=4663 uid=1000 result="success"
Sep  5 22:45:49 michal-comp wpa_supplicant[2798]: dbus: wpa_dbus_get_object_properties: failed to get object properties: (none) none
Sep  5 22:45:49 michal-comp wpa_supplicant[2798]: dbus: Failed to construct signal
Sep  5 22:45:49 michal-comp NetworkManager[2631]: <info>  [1473108349.0723] device (wlp3s0): supplicant interface state: starting -> ready
Sep  5 22:45:49 michal-comp NetworkManager[2631]: <info>  [1473108349.0724] device (wlp3s0): state change: unavailable -> disconnected (reason 'supplicant-available') [20 30 42]
Sep  5 22:45:49 michal-comp kernel: [ 1696.071846] IPv6: ADDRCONF(NETDEV_UP): wlp3s0: link is not ready
Sep  5 22:45:52 michal-comp wpa_supplicant[2798]: rfkill: WLAN soft blocked
Sep  5 22:45:52 michal-comp NetworkManager[2631]: <info>  [1473108352.2915] WiFi hardware radio set disabled
Sep  5 22:45:52 michal-comp wpa_supplicant[2798]: rfkill: WLAN soft blocked
Sep  5 22:45:52 michal-comp NetworkManager[2631]: <info>  [1473108352.2915] device (wlp3s0): state change: disconnected -> unavailable (reason 'none') [30 20 0]
Sep  5 22:45:52 michal-comp NetworkManager[2631]: <info>  [1473108352.2927] audit: op="radio-control" arg="wireless-enabled:0" pid=4663 uid=1000 result="success"
Sep  5 22:45:52 michal-comp NetworkManager[2631]: <info>  [1473108352.2964] manager: WiFi now disabled by radio killswitch
Sep  5 22:45:52 michal-comp systemd[1]: Starting Load/Save RF Kill Switch Status...
Sep  5 22:45:52 michal-comp systemd[1]: Started Load/Save RF Kill Switch Status.
Sep  5 22:45:52 michal-comp wpa_supplicant[2798]: nl80211: deinit ifname=wlp3s0 disabled_11b_rates=0
Sep  5 22:45:53 michal-comp NetworkManager[2631]: <info>  [1473108353.9939] WiFi hardware radio set enabled
Sep  5 22:45:53 michal-comp NetworkManager[2631]: <error> [1473108353.9942] platform-linux: do-change-link[3]: failure changing link: failure 132 (Operation not possible due to RF-kill)
Sep  5 22:45:53 michal-comp NetworkManager[2631]: <info>  [1473108353.9943] audit: op="radio-control" arg="wireless-enabled:1" pid=4663 uid=1000 result="success"
Sep  5 22:45:57 michal-comp NetworkManager[2631]: <info>  [1473108357.8780] manager: WiFi now enabled by radio killswitch
Sep  5 22:45:57 michal-comp kernel: [ 1704.892695] IPv6: ADDRCONF(NETDEV_UP): wlp3s0: link is not ready
Sep  5 22:45:57 michal-comp wpa_supplicant[2798]: dbus: wpa_dbus_get_object_properties: failed to get object properties: (none) none
Sep  5 22:45:57 michal-comp wpa_supplicant[2798]: dbus: Failed to construct signal
Sep  5 22:45:57 michal-comp NetworkManager[2631]: <info>  [1473108357.9408] device (wlp3s0): supplicant interface state: starting -> ready
Sep  5 22:45:57 michal-comp NetworkManager[2631]: <info>  [1473108357.9409] device (wlp3s0): state change: unavailable -> disconnected (reason 'supplicant-available') [20 30 42]
Sep  5 22:45:57 michal-comp kernel: [ 1704.940439] IPv6: ADDRCONF(NETDEV_UP): wlp3s0: link is not ready
Sep  5 22:47:29 michal-comp gnome-session[4514]: gnome-session-binary[4514]: GLib-GObject-CRITICAL: g_object_unref: assertion 'G_IS_OBJECT (object)' failed
Sep  5 22:47:29 michal-comp gnome-session-binary[4514]: GLib-GObject-CRITICAL: g_object_unref: assertion 'G_IS_OBJECT (object)' failed
Sep  5 22:47:29 michal-comp gnome-session[4514]: gnome-session-binary[4514]: GLib-GObject-CRITICAL: g_object_unref: assertion 'G_IS_OBJECT (object)' failed
Sep  5 22:47:29 michal-comp gnome-session[4514]: gnome-session-binary[4514]: GLib-GObject-CRITICAL: g_object_unref: assertion 'G_IS_OBJECT (object)' failed
Sep  5 22:47:29 michal-comp gnome-session-binary[4514]: GLib-GObject-CRITICAL: g_object_unref: assertion 'G_IS_OBJECT (object)' failed
Sep  5 22:47:29 michal-comp gnome-session-binary[4514]: GLib-GObject-CRITICAL: g_object_unref: assertion 'G_IS_OBJECT (object)' failed
Sep  5 22:47:29 michal-comp gnome-session[4514]: gnome-session-binary[4514]: GLib-GObject-CRITICAL: g_object_unref: assertion 'G_IS_OBJECT (object)' failed
Sep  5 22:47:29 michal-comp gnome-session-binary[4514]: GLib-GObject-CRITICAL: g_object_unref: assertion 'G_IS_OBJECT (object)' failed
Sep  5 22:47:29 michal-comp gnome-session[4514]: gnome-session-binary[4514]: GLib-GObject-CRITICAL: g_object_unref: assertion 'G_IS_OBJECT (object)' failed
Sep  5 22:47:29 michal-comp gnome-session[4514]: gnome-session-binary[4514]: GLib-GObject-CRITICAL: g_object_unref: assertion 'G_IS_OBJECT (object)' failed
Sep  5 22:47:29 michal-comp gnome-session-binary[4514]: GLib-GObject-CRITICAL: g_object_unref: assertion 'G_IS_OBJECT (object)' failed
Sep  5 22:47:29 michal-comp gnome-session[4514]: gnome-session-binary[4514]: GLib-GObject-CRITICAL: g_object_unref: assertion 'G_IS_OBJECT (object)' failed
Sep  5 22:47:29 michal-comp gnome-session-binary[4514]: GLib-GObject-CRITICAL: g_object_unref: assertion 'G_IS_OBJECT (object)' failed
Sep  5 22:47:29 michal-comp gnome-session-binary[4514]: GLib-GObject-CRITICAL: g_object_unref: assertion 'G_IS_OBJECT (object)' failed
Sep  5 22:47:29 michal-comp gnome-session[4514]: gnome-session-binary[4514]: GLib-GObject-CRITICAL: g_object_unref: assertion 'G_IS_OBJECT (object)' failed
Sep  5 22:47:29 michal-comp gnome-session-binary[4514]: GLib-GObject-CRITICAL: g_object_unref: assertion 'G_IS_OBJECT (object)' failed
Sep  5 22:47:29 michal-comp systemd[1]: Stopped target Bluetooth.
Sep  5 22:47:29 michal-comp systemd[1]: Stopping Bluetooth service...
Sep  5 22:47:29 michal-comp bluetoothd[2567]: Terminating
Sep  5 22:47:29 michal-comp bluetoothd[2567]: Endpoint unregistered: sender=:1.78 path=/MediaEndpoint/A2DPSource
Sep  5 22:47:29 michal-comp bluetoothd[2567]: Endpoint unregistered: sender=:1.78 path=/MediaEndpoint/A2DPSink
Sep  5 22:47:29 michal-comp systemd[1]: Stopping RealtimeKit Scheduling Policy Service...
Sep  5 22:47:29 michal-comp systemd[1]: Stopping Manage, Install and Generate Color Profiles...
Sep  5 22:47:29 michal-comp systemd[1]: Stopped target Sound Card.
Sep  5 22:47:29 michal-comp systemd[1]: Closed Load/Save RF Kill Switch Status /dev/rfkill Watch.
Sep  5 22:47:29 michal-comp systemd[1]: Stopping Disk Manager...
Sep  5 22:47:29 michal-comp systemd[4279]: Stopped target Default.
Sep  5 22:47:29 michal-comp systemd[4279]: Stopped target Basic System.
Sep  5 22:47:29 michal-comp systemd[4279]: Stopped target Sockets.
Sep  5 22:47:29 michal-comp systemd[4279]: Stopped target Timers.
Sep  5 22:47:29 michal-comp systemd[4279]: Reached target Shutdown.
Sep  5 22:47:29 michal-comp systemd[1]: Stopping User Manager for UID 1000...
Sep  5 22:47:29 michal-comp systemd[1]: Stopping Daemon for power management...
Sep  5 22:47:29 michal-comp systemd[1]: Stopping ACPI event daemon...
Sep  5 22:47:29 michal-comp systemd[1]: Stopping Session c2 of user michal.
Sep  5 22:47:29 michal-comp systemd[4279]: Starting Exit the Session...
Sep  5 22:47:29 michal-comp systemd[4279]: Stopped target Paths.
Sep  5 22:47:29 michal-comp systemd[1]: Stopping Save/Restore Sound Card State...
Sep  5 22:47:29 michal-comp systemd[1]: Stopped Stop ureadahead data collection 45s after completed startup.
Sep  5 22:47:29 michal-comp thermald[2551]: Terminating ...
Sep  5 22:47:29 michal-comp systemd[1]: Stopped target Graphical Interface.
Sep  5 22:47:29 michal-comp systemd[1]: Stopping Light Display Manager...
Sep  5 22:47:29 michal-comp rsyslogd: [origin software="rsyslogd" swVersion="8.16.0" x-pid="2628" x-info="http://www.rsyslog.com"] exiting on signal 15.
Sep 11 13:02:24 michal-comp rsyslogd: [origin software="rsyslogd" swVersion="8.16.0" x-pid="2509" x-info="http://www.rsyslog.com"] start
Sep 11 13:02:24 michal-comp rsyslogd-2222: command 'KLogPermitNonKernelFacility' is currently not permitted - did you already set it via a RainerScript command (v6+ config)? [v8.16.0 try http://www.rsyslog.com/e/2222 ]
Sep 11 13:02:24 michal-comp rsyslogd: rsyslogd's groupid changed to 108
Sep 11 13:02:24 michal-comp rsyslogd: rsyslogd's userid changed to 104
Sep 11 13:02:24 michal-comp systemd-modules-load[957]: Inserted module 'lp'
Sep 11 13:02:24 michal-comp systemd-modules-load[957]: Inserted module 'ppdev'
Sep 11 13:02:24 michal-comp systemd-modules-load[957]: Inserted module 'parport_pc'
Sep 11 13:02:24 michal-comp systemd[1]: Started Create Static Device Nodes in /dev.
Sep 11 13:02:24 michal-comp systemd[1]: Starting udev Kernel Device Manager...
Sep 11 13:02:24 michal-comp rsyslogd-2039: Could not open output pipe '/dev/xconsole':: No such file or directory [v8.16.0 try http://www.rsyslog.com/e/2039 ]
Sep 11 13:02:24 michal-comp loadkeys[940]: Loading /etc/console-setup/cached.kmap.gz
Sep 11 13:02:24 michal-comp systemd[1]: Started Set console keymap.
Sep 11 13:02:24 michal-comp systemd[1]: Started udev Kernel Device Manager.
Sep 11 13:02:24 michal-comp systemd[1]: Starting Remount Root and Kernel File Systems...
Sep 11 13:02:24 michal-comp systemd[1]: Started Remount Root and Kernel File Systems.
Sep 11 13:02:24 michal-comp rsyslogd-2007: action 'action 10' suspended, next retry is Sun Sep 11 13:02:54 2016 [v8.16.0 try http://www.rsyslog.com/e/2007 ]
Sep 11 13:02:24 michal-comp systemd[1]: Reached target Local File Systems (Pre).
Sep 11 13:02:24 michal-comp systemd[1]: Reached target Local File Systems.
Sep 11 13:02:24 michal-comp systemd[1]: Starting Set console font and keymap...
Sep 11 13:02:24 michal-comp systemd[1]: Starting LSB: AppArmor initialization...
Sep 11 13:02:24 michal-comp systemd[1]: Starting Clean up any mess left by 0dns-up...
Sep 11 13:02:24 michal-comp systemd[1]: Starting Tell Plymouth To Write Out Runtime Data...
Sep 11 13:02:24 michal-comp systemd[1]: Starting Load/Save Random Seed...
Sep 11 13:02:24 michal-comp systemd[1]: Starting Flush Journal to Persistent Storage...
Sep 11 13:02:24 michal-comp systemd[1]: Starting udev Coldplug all Devices...
Sep 11 13:02:24 michal-comp systemd[1]: Started Load/Save Random Seed.
Sep 11 13:02:24 michal-comp systemd[1]: Started Clean up any mess left by 0dns-up.
Sep 11 13:02:24 michal-comp systemd[1]: Starting Nameserver information manager...
Sep 11 13:02:24 michal-comp systemd[1]: Started Nameserver information manager.
Sep 11 13:02:24 michal-comp systemd[1]: Started Flush Journal to Persistent Storage.
Sep 11 13:02:24 michal-comp systemd[1]: Starting Create Volatile Files and Directories...
Sep 11 13:02:24 michal-comp systemd-tmpfiles[1063]: [/usr/lib/tmpfiles.d/var.conf:14] Duplicate line for path "/var/log", ignoring.
Sep 11 13:02:24 michal-comp systemd[1]: Started udev Coldplug all Devices.
Sep 11 13:02:24 michal-comp systemd[1]: Starting Show Plymouth Boot Screen...
Sep 11 13:02:24 michal-comp systemd[1]: Started Tell Plymouth To Write Out Runtime Data.
Sep 11 13:02:24 michal-comp systemd[1]: Created slice system-systemd\x2dbacklight.slice.
Sep 11 13:02:24 michal-comp systemd[1]: Starting Load/Save Screen Backlight Brightness of backlight:acpi_video1...
Sep 11 13:02:24 michal-comp systemd[1]: Starting Load/Save Screen Backlight Brightness of backlight:intel_backlight...
Sep 11 13:02:24 michal-comp systemd[1]: Starting Load/Save Screen Backlight Brightness of backlight:acpi_video0...
Sep 11 13:02:24 michal-comp systemd[1]: Started Load/Save Screen Backlight Brightness of backlight:intel_backlight.
Sep 11 13:02:24 michal-comp systemd[1]: Started Show Plymouth Boot Screen.
Sep 11 13:02:24 michal-comp systemd[1]: Started Forward Password Requests to Plymouth Directory Watch.
Sep 11 13:02:24 michal-comp mtp-probe: checking bus 1, device 5: "/sys/devices/pci0000:00/0000:00:1a.0/usb1/1-1/1-1.4"
Sep 11 13:02:24 michal-comp mtp-probe: checking bus 2, device 3: "/sys/devices/pci0000:00/0000:00:1d.0/usb2/2-1/2-1.2"
Sep 11 13:02:24 michal-comp mtp-probe: bus: 2, device: 3 was not an MTP device
Sep 11 13:02:24 michal-comp mtp-probe: checking bus 3, device 2: "/sys/devices/pci0000:00/0000:00:1c.3/0000:04:00.0/usb3/3-1"
Sep 11 13:02:24 michal-comp mtp-probe: checking bus 1, device 4: "/sys/devices/pci0000:00/0000:00:1a.0/usb1/1-1/1-1.2"
Sep 11 13:02:24 michal-comp mtp-probe: bus: 3, device: 2 was not an MTP device
Sep 11 13:02:24 michal-comp mtp-probe: bus: 1, device: 4 was not an MTP device
Sep 11 13:02:24 michal-comp systemd[1]: Listening on Load/Save RF Kill Switch Status /dev/rfkill Watch.
Sep 11 13:02:24 michal-comp systemd[1]: Started Create Volatile Files and Directories.
Sep 11 13:02:24 michal-comp systemd[1]: Starting Update UTMP about System Boot/Shutdown...
Sep 11 13:02:24 michal-comp systemd[1]: Starting Network Time Synchronization...
Sep 11 13:02:24 michal-comp kernel: [    0.000000] microcode: CPU0 microcode updated early to revision 0x29, date = 2013-06-12
Sep 11 13:02:24 michal-comp kernel: [    0.000000] Initializing cgroup subsys cpuset
Sep 11 13:02:24 michal-comp kernel: [    0.000000] Initializing cgroup subsys cpu
Sep 11 13:02:24 michal-comp systemd[1]: Started Set console font and keymap.
Sep 11 13:02:24 michal-comp kernel: [    0.000000] Initializing cgroup subsys cpuacct
Sep 11 13:02:24 michal-comp kernel: [    0.000000] Linux version 4.4.0-36-generic (buildd@lcy01-01) (gcc version 5.4.0 20160609 (Ubuntu 5.4.0-6ubuntu1~16.04.2) ) #55-Ubuntu SMP Thu Aug 11 18:01:55 UTC 2016 (Ubuntu 4.4.0-36.55-generic 4.4.16)
Sep 11 13:02:24 michal-comp kernel: [    0.000000] Command line: BOOT_IMAGE=/boot/vmlinuz-4.4.0-36-generic root=UUID=5f051bec-b227-4c7c-a765-8c69cece3cf8 ro quiet splash vt.handoff=7
Sep 11 13:02:24 michal-comp systemd[1]: Started Load/Save Screen Backlight Brightness of backlight:acpi_video1.
Sep 11 13:02:24 michal-comp kernel: [    0.000000] KERNEL supported cpus:
Sep 11 13:02:24 michal-comp kernel: [    0.000000]   Intel GenuineIntel
Sep 11 13:02:24 michal-comp kernel: [    0.000000]   AMD AuthenticAMD
Sep 11 13:02:24 michal-comp kernel: [    0.000000]   Centaur CentaurHauls
Sep 11 13:02:24 michal-comp systemd[1]: Started Load/Save Screen Backlight Brightness of backlight:acpi_video0.
Sep 11 13:02:24 michal-comp kernel: [    0.000000] x86/fpu: xstate_offset[2]:  576, xstate_sizes[2]:  256
Sep 11 13:02:24 michal-comp kernel: [    0.000000] x86/fpu: Supporting XSAVE feature 0x01: 'x87 floating point registers'
Sep 11 13:02:24 michal-comp kernel: [    0.000000] x86/fpu: Supporting XSAVE feature 0x02: 'SSE registers'
Sep 11 13:02:24 michal-comp kernel: [    0.000000] x86/fpu: Supporting XSAVE feature 0x04: 'AVX registers'
Sep 11 13:02:24 michal-comp kernel: [    0.000000] x86/fpu: Enabled xstate features 0x7, context size is 832 bytes, using 'standard' format.
Sep 11 13:02:24 michal-comp systemd[1]: Started Network Time Synchronization.
Sep 11 13:02:24 michal-comp kernel: [    0.000000] x86/fpu: Using 'eager' FPU context switches.
Sep 11 13:02:24 michal-comp kernel: [    0.000000] e820: BIOS-provided physical RAM map:
Sep 11 13:02:24 michal-comp systemd[1]: Started Update UTMP about System Boot/Shutdown.
Sep 11 13:02:24 michal-comp kernel: [    0.000000] BIOS-e820: [mem 0x0000000000000000-0x000000000009e7ff] usable
Sep 11 13:02:24 michal-comp kernel: [    0.000000] BIOS-e820: [mem 0x000000000009e800-0x000000000009ffff] reserved
Sep 11 13:02:24 michal-comp kernel: [    0.000000] BIOS-e820: [mem 0x00000000000e0000-0x00000000000fffff] reserved
Sep 11 13:02:24 michal-comp kernel: [    0.000000] BIOS-e820: [mem 0x0000000000100000-0x000000001fffffff] usable
Sep 11 13:02:24 michal-comp kernel: [    0.000000] BIOS-e820: [mem 0x0000000020000000-0x00000000201fffff] reserved
Sep 11 13:02:24 michal-comp systemd[1]: Reached target System Time Synchronized.
Sep 11 13:02:24 michal-comp kernel: [    0.000000] BIOS-e820: [mem 0x0000000020200000-0x000000003fffffff] usable
Sep 11 13:02:24 michal-comp kernel: [    0.000000] BIOS-e820: [mem 0x0000000040000000-0x00000000401fffff] reserved
Sep 11 13:02:24 michal-comp systemd[1]: Reached target Sound Card.
Sep 11 13:02:24 michal-comp kernel: [    0.000000] BIOS-e820: [mem 0x0000000040200000-0x00000000aabcbfff] usable
Sep 11 13:02:24 michal-comp kernel: [    0.000000] BIOS-e820: [mem 0x00000000aabcc000-0x00000000aacdefff] reserved
Sep 11 13:02:24 michal-comp kernel: [    0.000000] BIOS-e820: [mem 0x00000000aacdf000-0x00000000aace0fff] usable
Sep 11 13:02:24 michal-comp kernel: [    0.000000] BIOS-e820: [mem 0x00000000aace1000-0x00000000aacf3fff] reserved
Sep 11 13:02:24 michal-comp systemd[1]: Starting Load/Save RF Kill Switch Status...
Sep 11 13:02:24 michal-comp kernel: [    0.000000] BIOS-e820: [mem 0x00000000aacf4000-0x00000000aacf4fff] usable
Sep 11 13:02:24 michal-comp kernel: [    0.000000] BIOS-e820: [mem 0x00000000aacf5000-0x00000000aade7fff] reserved
Sep 11 13:02:24 michal-comp kernel: [    0.000000] BIOS-e820: [mem 0x00000000aade8000-0x00000000aaf18fff] usable
Sep 11 13:02:24 michal-comp systemd[1]: Created slice system-getty.slice.
Sep 11 13:02:24 michal-comp kernel: [    0.000000] BIOS-e820: [mem 0x00000000aaf19000-0x00000000aafe7fff] ACPI NVS
Sep 11 13:02:24 michal-comp kernel: [    0.000000] BIOS-e820: [mem 0x00000000aafe8000-0x00000000aaffcfff] usable
Sep 11 13:02:24 michal-comp kernel: [    0.000000] BIOS-e820: [mem 0x00000000aaffd000-0x00000000aaffffff] ACPI data
Sep 11 13:02:24 michal-comp kernel: [    0.000000] BIOS-e820: [mem 0x00000000ab000000-0x00000000af9fffff] reserved
Sep 11 13:02:24 michal-comp apparmor[1017]:  * Starting AppArmor profiles
Sep 11 13:02:24 michal-comp kernel: [    0.000000] BIOS-e820: [mem 0x00000000e0000000-0x00000000e3ffffff] reserved
Sep 11 13:02:24 michal-comp kernel: [    0.000000] BIOS-e820: [mem 0x00000000fec00000-0x00000000fec00fff] reserved
Sep 11 13:02:24 michal-comp kernel: [    0.000000] BIOS-e820: [mem 0x00000000fed10000-0x00000000fed13fff] reserved
Sep 11 13:02:24 michal-comp kernel: [    0.000000] BIOS-e820: [mem 0x00000000fed18000-0x00000000fed19fff] reserved
Sep 11 13:02:24 michal-comp systemd[1]: Started Load/Save RF Kill Switch Status.
Sep 11 13:02:24 michal-comp kernel: [    0.000000] BIOS-e820: [mem 0x00000000fed1c000-0x00000000fed1ffff] reserved
Sep 11 13:02:24 michal-comp kernel: [    0.000000] BIOS-e820: [mem 0x00000000fee00000-0x00000000fee00fff] reserved
Sep 11 13:02:24 michal-comp kernel: [    0.000000] BIOS-e820: [mem 0x00000000ff980000-0x00000000ffbfffff] reserved
Sep 11 13:02:24 michal-comp kernel: [    0.000000] BIOS-e820: [mem 0x00000000ffd80000-0x00000000ffffffff] reserved
Sep 11 13:02:24 michal-comp ureadahead[952]: ureadahead:/home/michal/.cache/upstart/gnome-keyring-ssh.log: No such file or directory
Sep 11 13:02:24 michal-comp kernel: [    0.000000] BIOS-e820: [mem 0x0000000100000000-0x000000014fdfffff] usable
Sep 11 13:02:24 michal-comp kernel: [    0.000000] NX (Execute Disable) protection: active
Sep 11 13:02:24 michal-comp kernel: [    0.000000] SMBIOS 2.7 present.
Sep 11 13:02:24 michal-comp ureadahead[952]: ureadahead:/home/michal/.cache/upstart/upstart-event-bridge.log: No such file or directory
Sep 11 13:02:24 michal-comp kernel: [    0.000000] DMI: ASUSTeK Computer Inc. K53SV/K53SV, BIOS K53SV.315 09/26/2011
Sep 11 13:02:24 michal-comp kernel: [    0.000000] e820: update [mem 0x00000000-0x00000fff] usable ==> reserved
Sep 11 13:02:24 michal-comp kernel: [    0.000000] e820: remove [mem 0x000a0000-0x000fffff] usable
Sep 11 13:02:24 michal-comp kernel: [    0.000000] e820: last_pfn = 0x14fe00 max_arch_pfn = 0x400000000
Sep 11 13:02:24 michal-comp kernel: [    0.000000] MTRR default type: uncachable
Sep 11 13:02:24 michal-comp ureadahead[952]: ureadahead:/home/michal/.cache/upstart/ssh-agent.log: No such file or directory
Sep 11 13:02:24 michal-comp kernel: [    0.000000] MTRR fixed ranges enabled:
Sep 11 13:02:24 michal-comp kernel: [    0.000000]   00000-9FFFF write-back
Sep 11 13:02:24 michal-comp kernel: [    0.000000]   A0000-BFFFF uncachable
Sep 11 13:02:24 michal-comp kernel: [    0.000000]   C0000-CFFFF write-protect
Sep 11 13:02:24 michal-comp kernel: [    0.000000]   D0000-E7FFF uncachable
Sep 11 13:02:24 michal-comp ureadahead[952]: ureadahead:/home/michal/.cache/upstart/window-stack-bridge.log: No such file or directory
Sep 11 13:02:24 michal-comp kernel: [    0.000000]   E8000-FFFFF write-protect
Sep 11 13:02:24 michal-comp kernel: [    0.000000] MTRR variable ranges enabled:
Sep 11 13:02:24 michal-comp kernel: [    0.000000]   0 base 000000000 mask F80000000 write-back
Sep 11 13:02:24 michal-comp ureadahead[952]: ureadahead:/home/michal/.cache/upstart/indicator-sound.log: No such file or directory
Sep 11 13:02:24 michal-comp kernel: [    0.000000]   1 base 080000000 mask FE0000000 write-back
Sep 11 13:02:24 michal-comp kernel: [    0.000000]   2 base 0A0000000 mask FF8000000 write-back
Sep 11 13:02:24 michal-comp kernel: [    0.000000]   3 base 0A8000000 mask FFC000000 write-back
Sep 11 13:02:24 michal-comp kernel: [    0.000000]   4 base 0AB000000 mask FFF000000 uncachable
Sep 11 13:02:24 michal-comp ureadahead[952]: ureadahead:/home/michal/.local/share/gvfs-metadata/home-f8a777f0.log: No such file or directory
Sep 11 13:02:24 michal-comp kernel: [    0.000000]   5 base 100000000 mask FC0000000 write-back
Sep 11 13:02:24 michal-comp kernel: [    0.000000]   6 base 140000000 mask FF0000000 write-back
Sep 11 13:02:24 michal-comp kernel: [    0.000000]   7 base 14FE00000 mask FFFE00000 uncachable
Sep 11 13:02:24 michal-comp apparmor[1017]: Skipping profile in /etc/apparmor.d/disable: usr.bin.firefox
Sep 11 13:02:24 michal-comp kernel: [    0.000000]   8 disabled
Sep 11 13:02:24 michal-comp kernel: [    0.000000]   9 disabled
Sep 11 13:02:24 michal-comp kernel: [    0.000000] x86/PAT: Configuration [0-7]: WB  WC  UC- UC  WB  WC  UC- WT  
Sep 11 13:02:24 michal-comp kernel: [    0.000000] original variable MTRRs
Sep 11 13:02:24 michal-comp apparmor[1017]: Skipping profile in /etc/apparmor.d/disable: usr.sbin.rsyslogd
Sep 11 13:02:24 michal-comp kernel: [    0.000000] reg 0, base: 0GB, range: 2GB, type WB
Sep 11 13:02:24 michal-comp kernel: [    0.000000] reg 1, base: 2GB, range: 512MB, type WB
Sep 11 13:02:24 michal-comp kernel: [    0.000000] reg 2, base: 2560MB, range: 128MB, type WB
Sep 11 13:02:24 michal-comp kernel: [    0.000000] reg 3, base: 2688MB, range: 64MB, type WB
Sep 11 13:02:24 michal-comp kernel: [    0.000000] reg 4, base: 2736MB, range: 16MB, type UC
Sep 11 13:02:24 michal-comp apparmor[1017]:    ...done.
Sep 11 13:02:24 michal-comp kernel: [    0.000000] reg 5, base: 4GB, range: 1GB, type WB
Sep 11 13:02:24 michal-comp kernel: [    0.000000] reg 6, base: 5GB, range: 256MB, type WB
Sep 11 13:02:24 michal-comp kernel: [    0.000000] reg 7, base: 5374MB, range: 2MB, type UC
Sep 11 13:02:24 michal-comp kernel: [    0.000000] total RAM covered: 4014M
Sep 11 13:02:24 michal-comp systemd[1]: Started LSB: AppArmor initialization.
Sep 11 13:02:24 michal-comp kernel: [    0.000000] Found optimal setting for mtrr clean up
Sep 11 13:02:24 michal-comp kernel: [    0.000000]  gran_size: 64K 	chunk_size: 4M 	num_reg: 8  	lose cover RAM: 0G
Sep 11 13:02:24 michal-comp systemd[1]: Reached target System Initialization.
Sep 11 13:02:24 michal-comp kernel: [    0.000000] New variable MTRRs
Sep 11 13:02:24 michal-comp kernel: [    0.000000] reg 0, base: 0GB, range: 2GB, type WB
Sep 11 13:02:24 michal-comp kernel: [    0.000000] reg 1, base: 2GB, range: 512MB, type WB
Sep 11 13:02:24 michal-comp kernel: [    0.000000] reg 2, base: 2560MB, range: 128MB, type WB
Sep 11 13:02:24 michal-comp systemd[1]: Started Trigger resolvconf update for networkd DNS.
Sep 11 13:02:24 michal-comp kernel: [    0.000000] reg 3, base: 2688MB, range: 32MB, type WB
Sep 11 13:02:24 michal-comp kernel: [    0.000000] reg 4, base: 2720MB, range: 16MB, type WB
Sep 11 13:02:24 michal-comp kernel: [    0.000000] reg 5, base: 4GB, range: 1GB, type WB
Sep 11 13:02:24 michal-comp systemd[1]: Listening on D-Bus System Message Bus Socket.
Sep 11 13:02:24 michal-comp kernel: [    0.000000] reg 6, base: 5GB, range: 256MB, type WB
Sep 11 13:02:24 michal-comp kernel: [    0.000000] reg 7, base: 5374MB, range: 2MB, type UC
Sep 11 13:02:24 michal-comp kernel: [    0.000000] e820: update [mem 0xab000000-0xffffffff] usable ==> reserved
Sep 11 13:02:24 michal-comp kernel: [    0.000000] e820: last_pfn = 0xaaffd max_arch_pfn = 0x400000000
Sep 11 13:02:24 michal-comp systemd[1]: Listening on CUPS Scheduler.
Sep 11 13:02:24 michal-comp kernel: [    0.000000] found SMP MP-table at [mem 0x000fcc60-0x000fcc6f] mapped at [ffff8800000fcc60]
Sep 11 13:02:24 michal-comp kernel: [    0.000000] Scanning 1 areas for low memory corruption
Sep 11 13:02:24 michal-comp kernel: [    0.000000] Base memory trampoline at [ffff880000098000] 98000 size 24576
Sep 11 13:02:24 michal-comp kernel: [    0.000000] reserving inaccessible SNB gfx pages
Sep 11 13:02:24 michal-comp systemd[1]: Started Daily Cleanup of Temporary Directories.
Sep 11 13:02:24 michal-comp kernel: [    0.000000] BRK [0x02200000, 0x02200fff] PGTABLE
Sep 11 13:02:24 michal-comp kernel: [    0.000000] BRK [0x02201000, 0x02201fff] PGTABLE
Sep 11 13:02:24 michal-comp kernel: [    0.000000] BRK [0x02202000, 0x02202fff] PGTABLE
Sep 11 13:02:24 michal-comp systemd[1]: Started CUPS Scheduler.
Sep 11 13:02:24 michal-comp kernel: [    0.000000] BRK [0x02203000, 0x02203fff] PGTABLE
Sep 11 13:02:24 michal-comp kernel: [    0.000000] BRK [0x02204000, 0x02204fff] PGTABLE
Sep 11 13:02:24 michal-comp kernel: [    0.000000] BRK [0x02205000, 0x02205fff] PGTABLE
Sep 11 13:02:24 michal-comp kernel: [    0.000000] RAMDISK: [mem 0x33b64000-0x35da9fff]
Sep 11 13:02:24 michal-comp systemd[1]: snapd.refresh.timer: Adding 3h 50min 24.852568s random time.
Sep 11 13:02:24 michal-comp kernel: [    0.000000] ACPI: Early table checksum verification disabled
Sep 11 13:02:24 michal-comp kernel: [    0.000000] ACPI: RSDP 0x00000000000F0430 000024 (v02 _ASUS_)
Sep 11 13:02:24 michal-comp kernel: [    0.000000] ACPI: XSDT 0x00000000AAFFEE18 00006C (v01 _ASUS_ Notebook 06222004 MSFT 00010013)
Sep 11 13:02:24 michal-comp systemd[1]: Started Timer to automatically refresh installed snaps.
Sep 11 13:02:24 michal-comp kernel: [    0.000000] ACPI: FACP 0x00000000AAF9BD98 0000F4 (v04 _ASUS_ NoteBook 06222004 MSFT 00010013)
Sep 11 13:02:24 michal-comp kernel: [    0.000000] ACPI: DSDT 0x00000000AAF7C018 00DC9C (v01 _ASUS_ NoteBook 00000000 INTL 20091112)
Sep 11 13:02:24 michal-comp kernel: [    0.000000] ACPI: FACS 0x00000000AAFE5E40 000040
Sep 11 13:02:24 michal-comp systemd[1]: Listening on UUID daemon activation socket.
Sep 11 13:02:24 michal-comp kernel: [    0.000000] ACPI: FACS 0x00000000AAFE5D40 000040
Sep 11 13:02:24 michal-comp kernel: [    0.000000] ACPI: APIC 0x00000000AAFFDF18 0000CC (v02 _ASUS_ NoteBook 06222004 MSFT 00010013)
Sep 11 13:02:24 michal-comp kernel: [    0.000000] ACPI: HPET 0x00000000AAFE6D18 000038 (v01 _ASUS_ NoteBook 06222004 AMI. 00000003)
Sep 11 13:02:24 michal-comp kernel: [    0.000000] ACPI: ECDT 0x00000000AAFE5B18 0000C1 (v01 _ASUS_ NoteBook 06222004 AMI  00000000)
Sep 11 13:02:24 michal-comp systemd[1]: Listening on ACPID Listen Socket.
Sep 11 13:02:24 michal-comp kernel: [    0.000000] ACPI: MCFG 0x00000000AAFE6C98 00003C (v01 _ASUS_ NoteBook 06222004 MSFT 00000097)
Sep 11 13:02:24 michal-comp kernel: [    0.000000] ACPI: SSDT 0x00000000AAF7B018 0007DB (v01 PmRef  Cpu0Ist  00003000 INTL 20091112)
Sep 11 13:02:24 michal-comp kernel: [    0.000000] ACPI: SSDT 0x00000000AAF7A018 000996 (v01 PmRef  CpuPm    00003000 INTL 20091112)
Sep 11 13:02:24 michal-comp systemd[1]: Starting Socket activation for snappy daemon.
Sep 11 13:02:24 michal-comp systemd[1]: apt-daily.timer: Adding 11h 54min 43.781235s random time.
Sep 11 13:02:24 michal-comp systemd[1]: Started Daily apt activities.
Sep 11 13:02:24 michal-comp systemd[1]: Reached target Timers.
Sep 11 13:02:24 michal-comp systemd[1]: Listening on Avahi mDNS/DNS-SD Stack Activation Socket.
Sep 11 13:02:24 michal-comp systemd[1]: Started ACPI Events Check.
Sep 11 13:02:24 michal-comp systemd[1]: Reached target Paths.
Sep 11 13:02:24 michal-comp systemd[1]: Starting Raise network interfaces...
Sep 11 13:02:24 michal-comp systemd[1]: Listening on Socket activation for snappy daemon.
Sep 11 13:02:24 michal-comp systemd[1]: Reached target Sockets.
Sep 11 13:02:24 michal-comp systemd[1]: Reached target Basic System.
Sep 11 13:02:24 michal-comp systemd[1]: Starting LSB: daemon to balance interrupts for SMP systems...
Sep 11 13:02:24 michal-comp systemd[1]: Starting System Logging Service...
Sep 11 13:02:24 michal-comp systemd[1]: Starting Thermal Daemon Service...
Sep 11 13:02:24 michal-comp systemd[1]: Starting Save/Restore Sound Card State...
Sep 11 13:02:24 michal-comp systemd[1]: Starting Accounts Service...
Sep 11 13:02:24 michal-comp systemd[1]: Starting Login Service...
Sep 11 13:02:24 michal-comp systemd[1]: Starting LSB: Speech Dispatcher...
Sep 11 13:02:24 michal-comp systemd[1]: Starting Modem Manager...
Sep 11 13:02:24 michal-comp systemd[1]: Starting Permit User Sessions...
Sep 11 13:02:24 michal-comp systemd[1]: Starting LSB: Set the CPU Frequency Scaling governor to "ondemand"...
Sep 11 13:02:24 michal-comp systemd[1]: Started crash report submission daemon.
Sep 11 13:02:24 michal-comp kernel: [    0.000000] ACPI: SLIC 0x00000000AAF9CC18 000176 (v01 _ASUS_ Notebook 06222004 ASUS 00000001)
Sep 11 13:02:24 michal-comp systemd[1]: Started Run anacron jobs.
Sep 11 13:02:24 michal-comp kernel: [    0.000000] ACPI: SSDT 0x00000000AAF5EA98 0002EF (v01 SataRe SataTabl 00001000 INTL 20091112)
Sep 11 13:02:24 michal-comp kernel: [    0.000000] ACPI: Local APIC address 0xfee00000
Sep 11 13:02:24 michal-comp kernel: [    0.000000] No NUMA configuration found
Sep 11 13:02:24 michal-comp kernel: [    0.000000] Faking a node at [mem 0x0000000000000000-0x000000014fdfffff]
Sep 11 13:02:24 michal-comp kernel: [    0.000000] NODE_DATA(0) allocated [mem 0x14fdf7000-0x14fdfbfff]
Sep 11 13:02:24 michal-comp systemd[1]: Starting Restore /etc/resolv.conf if the system crashed before the ppp link was shut down...
Sep 11 13:02:24 michal-comp kernel: [    0.000000] Zone ranges:
Sep 11 13:02:24 michal-comp kernel: [    0.000000]   DMA      [mem 0x0000000000001000-0x0000000000ffffff]
Sep 11 13:02:24 michal-comp kernel: [    0.000000]   DMA32    [mem 0x0000000001000000-0x00000000ffffffff]
Sep 11 13:02:24 michal-comp kernel: [    0.000000]   Normal   [mem 0x0000000100000000-0x000000014fdfffff]
Sep 11 13:02:24 michal-comp systemd[1]: Started Regular background program processing daemon.
Sep 11 13:02:24 michal-comp kernel: [    0.000000]   Device   empty
Sep 11 13:02:24 michal-comp kernel: [    0.000000] Movable zone start for each node
Sep 11 13:02:24 michal-comp systemd[1]: Started ACPI event daemon.
Sep 11 13:02:24 michal-comp kernel: [    0.000000] Early memory node ranges
Sep 11 13:02:24 michal-comp kernel: [    0.000000]   node   0: [mem 0x0000000000001000-0x000000000009dfff]
Sep 11 13:02:24 michal-comp kernel: [    0.000000]   node   0: [mem 0x0000000000100000-0x000000001fffffff]
Sep 11 13:02:24 michal-comp kernel: [    0.000000]   node   0: [mem 0x0000000020200000-0x000000003fffffff]
Sep 11 13:02:24 michal-comp systemd[1]: Starting Detect the available GPUs and deal with any system changes...
Sep 11 13:02:24 michal-comp kernel: [    0.000000]   node   0: [mem 0x0000000040200000-0x00000000aabcbfff]
Sep 11 13:02:24 michal-comp kernel: [    0.000000]   node   0: [mem 0x00000000aacdf000-0x00000000aace0fff]
Sep 11 13:02:24 michal-comp kernel: [    0.000000]   node   0: [mem 0x00000000aacf4000-0x00000000aacf4fff]
Sep 11 13:02:24 michal-comp kernel: [    0.000000]   node   0: [mem 0x00000000aade8000-0x00000000aaf18fff]
Sep 11 13:02:24 michal-comp systemd[1]: Started D-Bus System Message Bus.
Sep 11 13:02:24 michal-comp kernel: [    0.000000]   node   0: [mem 0x00000000aafe8000-0x00000000aaffcfff]
Sep 11 13:02:24 michal-comp kernel: [    0.000000]   node   0: [mem 0x0000000100000000-0x000000014fdfffff]
Sep 11 13:02:24 michal-comp kernel: [    0.000000] Initmem setup node 0 [mem 0x0000000000001000-0x000000014fdfffff]
Sep 11 13:02:24 michal-comp kernel: [    0.000000] On node 0 totalpages: 1025714
Sep 11 13:02:24 michal-comp cron[2543]: (CRON) INFO (pidfile fd = 3)
Sep 11 13:02:24 michal-comp kernel: [    0.000000]   DMA zone: 64 pages used for memmap
Sep 11 13:02:24 michal-comp kernel: [    0.000000]   DMA zone: 157 pages reserved
Sep 11 13:02:24 michal-comp kernel: [    0.000000]   DMA zone: 3997 pages, LIFO batch:0
Sep 11 13:02:24 michal-comp kernel: [    0.000000]   DMA32 zone: 10853 pages used for memmap
Sep 11 13:02:24 michal-comp anacron[2538]: Anacron 2.3 started on 2016-09-11
Sep 11 13:02:24 michal-comp kernel: [    0.000000]   DMA32 zone: 694549 pages, LIFO batch:31
Sep 11 13:02:24 michal-comp kernel: [    0.000000]   Normal zone: 5112 pages used for memmap
Sep 11 13:02:24 michal-comp kernel: [    0.000000]   Normal zone: 327168 pages, LIFO batch:31
Sep 11 13:02:24 michal-comp kernel: [    0.000000] Reserving Intel graphics stolen memory at 0xaba00000-0xaf9fffff
Sep 11 13:02:24 michal-comp acpid: starting up with netlink and the input layer
Sep 11 13:02:24 michal-comp kernel: [    0.000000] ACPI: PM-Timer IO Port: 0x408
Sep 11 13:02:24 michal-comp kernel: [    0.000000] ACPI: Local APIC address 0xfee00000
Sep 11 13:02:24 michal-comp acpid: 9 rules loaded
Sep 11 13:02:24 michal-comp kernel: [    0.000000] IOAPIC[0]: apic_id 2, version 32, address 0xfec00000, GSI 0-23
Sep 11 13:02:24 michal-comp kernel: [    0.000000] ACPI: INT_SRC_OVR (bus 0 bus_irq 0 global_irq 2 dfl dfl)
Sep 11 13:02:24 michal-comp kernel: [    0.000000] ACPI: INT_SRC_OVR (bus 0 bus_irq 9 global_irq 9 high level)
Sep 11 13:02:24 michal-comp kernel: [    0.000000] ACPI: IRQ0 used by override.
Sep 11 13:02:24 michal-comp kernel: [    0.000000] ACPI: IRQ9 used by override.
Sep 11 13:02:24 michal-comp acpid: waiting for events: event logging is off
Sep 11 13:02:24 michal-comp kernel: [    0.000000] Using ACPI (MADT) for SMP configuration information
Sep 11 13:02:24 michal-comp kernel: [    0.000000] ACPI: HPET id: 0x8086a701 base: 0xfed00000
Sep 11 13:02:24 michal-comp kernel: [    0.000000] smpboot: Allowing 16 CPUs, 12 hotplug CPUs
Sep 11 13:02:24 michal-comp gpu-manager[2550]: /etc/modprobe.d is not a file
Sep 11 13:02:24 michal-comp kernel: [    0.000000] PM: Registered nosave memory: [mem 0x00000000-0x00000fff]
Sep 11 13:02:24 michal-comp kernel: [    0.000000] PM: Registered nosave memory: [mem 0x0009e000-0x0009efff]
Sep 11 13:02:24 michal-comp kernel: [    0.000000] PM: Registered nosave memory: [mem 0x0009f000-0x0009ffff]
Sep 11 13:02:24 michal-comp kernel: [    0.000000] PM: Registered nosave memory: [mem 0x000a0000-0x000dffff]
Sep 11 13:02:24 michal-comp kernel: [    0.000000] PM: Registered nosave memory: [mem 0x000e0000-0x000fffff]
Sep 11 13:02:24 michal-comp kernel: [    0.000000] PM: Registered nosave memory: [mem 0x20000000-0x201fffff]
Sep 11 13:02:24 michal-comp kernel: [    0.000000] PM: Registered nosave memory: [mem 0x40000000-0x401fffff]
Sep 11 13:02:24 michal-comp kernel: [    0.000000] PM: Registered nosave memory: [mem 0xaabcc000-0xaacdefff]
Sep 11 13:02:24 michal-comp kernel: [    0.000000] PM: Registered nosave memory: [mem 0xaace1000-0xaacf3fff]
Sep 11 13:02:24 michal-comp kernel: [    0.000000] PM: Registered nosave memory: [mem 0xaacf5000-0xaade7fff]
Sep 11 13:02:24 michal-comp kernel: [    0.000000] PM: Registered nosave memory: [mem 0xaaf19000-0xaafe7fff]
Sep 11 13:02:24 michal-comp kernel: [    0.000000] PM: Registered nosave memory: [mem 0xaaffd000-0xaaffffff]
Sep 11 13:02:24 michal-comp kernel: [    0.000000] PM: Registered nosave memory: [mem 0xab000000-0xaf9fffff]
Sep 11 13:02:24 michal-comp kernel: [    0.000000] PM: Registered nosave memory: [mem 0xafa00000-0xdfffffff]
Sep 11 13:02:24 michal-comp kernel: [    0.000000] PM: Registered nosave memory: [mem 0xe0000000-0xe3ffffff]
Sep 11 13:02:24 michal-comp kernel: [    0.000000] PM: Registered nosave memory: [mem 0xe4000000-0xfebfffff]
Sep 11 13:02:24 michal-comp kernel: [    0.000000] PM: Registered nosave memory: [mem 0xfec00000-0xfec00fff]
Sep 11 13:02:24 michal-comp kernel: [    0.000000] PM: Registered nosave memory: [mem 0xfec01000-0xfed0ffff]
Sep 11 13:02:24 michal-comp kernel: [    0.000000] PM: Registered nosave memory: [mem 0xfed10000-0xfed13fff]
Sep 11 13:02:24 michal-comp kernel: [    0.000000] PM: Registered nosave memory: [mem 0xfed14000-0xfed17fff]
Sep 11 13:02:24 michal-comp kernel: [    0.000000] PM: Registered nosave memory: [mem 0xfed18000-0xfed19fff]
Sep 11 13:02:24 michal-comp kernel: [    0.000000] PM: Registered nosave memory: [mem 0xfed1a000-0xfed1bfff]
Sep 11 13:02:24 michal-comp kernel: [    0.000000] PM: Registered nosave memory: [mem 0xfed1c000-0xfed1ffff]
Sep 11 13:02:24 michal-comp kernel: [    0.000000] PM: Registered nosave memory: [mem 0xfed20000-0xfedfffff]
Sep 11 13:02:24 michal-comp kernel: [    0.000000] PM: Registered nosave memory: [mem 0xfee00000-0xfee00fff]
Sep 11 13:02:24 michal-comp kernel: [    0.000000] PM: Registered nosave memory: [mem 0xfee01000-0xff97ffff]
Sep 11 13:02:24 michal-comp kernel: [    0.000000] PM: Registered nosave memory: [mem 0xff980000-0xffbfffff]
Sep 11 13:02:24 michal-comp kernel: [    0.000000] PM: Registered nosave memory: [mem 0xffc00000-0xffd7ffff]
Sep 11 13:02:24 michal-comp kernel: [    0.000000] PM: Registered nosave memory: [mem 0xffd80000-0xffffffff]
Sep 11 13:02:24 michal-comp kernel: [    0.000000] e820: [mem 0xafa00000-0xdfffffff] available for PCI devices
Sep 11 13:02:24 michal-comp kernel: [    0.000000] Booting paravirtualized kernel on bare hardware
Sep 11 13:02:24 michal-comp kernel: [    0.000000] clocksource: refined-jiffies: mask: 0xffffffff max_cycles: 0xffffffff, max_idle_ns: 7645519600211568 ns
Sep 11 13:02:24 michal-comp kernel: [    0.000000] setup_percpu: NR_CPUS:256 nr_cpumask_bits:256 nr_cpu_ids:16 nr_node_ids:1
Sep 11 13:02:24 michal-comp kernel: [    0.000000] PERCPU: Embedded 33 pages/cpu @ffff88014b000000 s98008 r8192 d28968 u262144
Sep 11 13:02:24 michal-comp kernel: [    0.000000] pcpu-alloc: s98008 r8192 d28968 u262144 alloc=1*2097152
Sep 11 13:02:24 michal-comp gpu-manager[2550]: message repeated 4 times: [ /etc/modprobe.d is not a file]
Sep 11 13:02:24 michal-comp gpu-manager[2550]: Error: can't open /lib/modules/4.4.0-36-generic/updates/dkms
Sep 11 13:02:24 michal-comp kernel: [    0.000000] pcpu-alloc: [0] 00 01 02 03 04 05 06 07 [0] 08 09 10 11 12 13 14 15 
Sep 11 13:02:24 michal-comp kernel: [    0.000000] Built 1 zonelists in Node order, mobility grouping on.  Total pages: 1009528
Sep 11 13:02:24 michal-comp kernel: [    0.000000] Policy zone: Normal
Sep 11 13:02:24 michal-comp kernel: [    0.000000] Kernel command line: BOOT_IMAGE=/boot/vmlinuz-4.4.0-36-generic root=UUID=5f051bec-b227-4c7c-a765-8c69cece3cf8 ro quiet splash vt.handoff=7
Sep 11 13:02:24 michal-comp kernel: [    0.000000] PID hash table entries: 4096 (order: 3, 32768 bytes)
Sep 11 13:02:24 michal-comp kernel: [    0.000000] Calgary: detecting Calgary via BIOS EBDA area
Sep 11 13:02:24 michal-comp kernel: [    0.000000] Calgary: Unable to locate Rio Grande table in EBDA - bailing!
Sep 11 13:02:24 michal-comp kernel: [    0.000000] Memory: 3914688K/4102856K available (8394K kernel code, 1282K rwdata, 3944K rodata, 1480K init, 1292K bss, 188168K reserved, 0K cma-reserved)
Sep 11 13:02:24 michal-comp kernel: [    0.000000] SLUB: HWalign=64, Order=0-3, MinObjects=0, CPUs=16, Nodes=1
Sep 11 13:02:24 michal-comp gpu-manager[2550]: Error: can't open /lib/modules/4.4.0-36-generic/updates/dkms
Sep 11 13:02:24 michal-comp anacron[2538]: Will run job `cron.daily' in 5 min.
Sep 11 13:02:24 michal-comp kernel: [    0.000000] Hierarchical RCU implementation.
Sep 11 13:02:24 michal-comp kernel: [    0.000000] 	Build-time adjustment of leaf fanout to 64.
Sep 11 13:02:24 michal-comp kernel: [    0.000000] 	RCU restricting CPUs from NR_CPUS=256 to nr_cpu_ids=16.
Sep 11 13:02:24 michal-comp kernel: [    0.000000] RCU: Adjusting geometry for rcu_fanout_leaf=64, nr_cpu_ids=16
Sep 11 13:02:24 michal-comp kernel: [    0.000000] NR_IRQS:16640 nr_irqs:552 16
Sep 11 13:02:24 michal-comp anacron[2538]: Will run job `cron.weekly' in 10 min.
Sep 11 13:02:24 michal-comp kernel: [    0.000000] vt handoff: transparent VT on vt#7
Sep 11 13:02:24 michal-comp anacron[2538]: Jobs will be executed sequentially
Sep 11 13:02:24 michal-comp kernel: [    0.000000] Console: colour dummy device 80x25
Sep 11 13:02:24 michal-comp kernel: [    0.000000] console [tty0] enabled
Sep 11 13:02:24 michal-comp kernel: [    0.000000] clocksource: hpet: mask: 0xffffffff max_cycles: 0xffffffff, max_idle_ns: 133484882848 ns
Sep 11 13:02:24 michal-comp kernel: [    0.000000] hpet clockevent registered
Sep 11 13:02:24 michal-comp kernel: [    0.000000] tsc: Fast TSC calibration using PIT
Sep 11 13:02:24 michal-comp kernel: [    0.000000] tsc: Detected 2394.488 MHz processor
Sep 11 13:02:24 michal-comp kernel: [    0.000037] Calibrating delay loop (skipped), value calculated using timer frequency.. 4788.97 BogoMIPS (lpj=9577952)
Sep 11 13:02:24 michal-comp kernel: [    0.000039] pid_max: default: 32768 minimum: 301
Sep 11 13:02:24 michal-comp kernel: [    0.000046] ACPI: Core revision 20150930
Sep 11 13:02:24 michal-comp kernel: [    0.010512] ACPI: 4 ACPI AML tables successfully acquired and loaded
Sep 11 13:02:24 michal-comp kernel: [    0.010535] Security Framework initialized
Sep 11 13:02:24 michal-comp kernel: [    0.010537] Yama: becoming mindful.
Sep 11 13:02:24 michal-comp kernel: [    0.010555] AppArmor: AppArmor initialized
Sep 11 13:02:24 michal-comp kernel: [    0.010827] Dentry cache hash table entries: 524288 (order: 10, 4194304 bytes)
Sep 11 13:02:24 michal-comp kernel: [    0.011753] Inode-cache hash table entries: 262144 (order: 9, 2097152 bytes)
Sep 11 13:02:24 michal-comp kernel: [    0.012200] Mount-cache hash table entries: 8192 (order: 4, 65536 bytes)
Sep 11 13:02:24 michal-comp kernel: [    0.012207] Mountpoint-cache hash table entries: 8192 (order: 4, 65536 bytes)
Sep 11 13:02:24 michal-comp kernel: [    0.012455] Initializing cgroup subsys io
Sep 11 13:02:24 michal-comp kernel: [    0.012459] Initializing cgroup subsys memory
Sep 11 13:02:24 michal-comp kernel: [    0.012466] Initializing cgroup subsys devices
Sep 11 13:02:24 michal-comp kernel: [    0.012469] Initializing cgroup subsys freezer
Sep 11 13:02:24 michal-comp kernel: [    0.012470] Initializing cgroup subsys net_cls
Sep 11 13:02:24 michal-comp kernel: [    0.012473] Initializing cgroup subsys perf_event
Sep 11 13:02:24 michal-comp kernel: [    0.012475] Initializing cgroup subsys net_prio
Sep 11 13:02:24 michal-comp kernel: [    0.012477] Initializing cgroup subsys hugetlb
Sep 11 13:02:24 michal-comp kernel: [    0.012480] Initializing cgroup subsys pids
Sep 11 13:02:24 michal-comp kernel: [    0.012503] CPU: Physical Processor ID: 0
Sep 11 13:02:24 michal-comp kernel: [    0.012504] CPU: Processor Core ID: 0
Sep 11 13:02:24 michal-comp kernel: [    0.012509] ENERGY_PERF_BIAS: Set to 'normal', was 'performance'
Sep 11 13:02:24 michal-comp kernel: [    0.012510] ENERGY_PERF_BIAS: View and update with x86_energy_perf_policy(8)
Sep 11 13:02:24 michal-comp kernel: [    0.012512] mce: CPU supports 7 MCE banks
Sep 11 13:02:24 michal-comp kernel: [    0.012524] CPU0: Thermal monitoring enabled (TM1)
Sep 11 13:02:24 michal-comp kernel: [    0.012530] process: using mwait in idle threads
Sep 11 13:02:24 michal-comp kernel: [    0.012533] Last level iTLB entries: 4KB 512, 2MB 8, 4MB 8
Sep 11 13:02:24 michal-comp kernel: [    0.012534] Last level dTLB entries: 4KB 512, 2MB 32, 4MB 32, 1GB 0
Sep 11 13:02:24 michal-comp kernel: [    0.012957] Freeing SMP alternatives memory: 28K (ffffffff820b4000 - ffffffff820bb000)
Sep 11 13:02:24 michal-comp kernel: [    0.035333] ftrace: allocating 31996 entries in 125 pages
Sep 11 13:02:24 michal-comp kernel: [    0.051422] smpboot: Max logical packages: 8
Sep 11 13:02:24 michal-comp kernel: [    0.051426] smpboot: APIC(0) Converting physical 0 to logical package 0
Sep 11 13:02:24 michal-comp kernel: [    0.051501] x2apic: IRQ remapping doesn't support X2APIC mode
Sep 11 13:02:24 michal-comp kernel: [    0.051533] Switched APIC routing to physical flat.
Sep 11 13:02:24 michal-comp kernel: [    0.051954] ..TIMER: vector=0x30 apic1=0 pin1=2 apic2=-1 pin2=-1
Sep 11 13:02:24 michal-comp kernel: [    0.091786] TSC deadline timer enabled
Sep 11 13:02:24 michal-comp kernel: [    0.091790] smpboot: CPU0: Intel(R) Core(TM) i5-2430M CPU @ 2.40GHz (family: 0x6, model: 0x2a, stepping: 0x7)
Sep 11 13:02:24 michal-comp kernel: [    0.091808] Performance Events: PEBS fmt1+, 16-deep LBR, SandyBridge events, full-width counters, Intel PMU driver.
Sep 11 13:02:24 michal-comp kernel: [    0.091829] ... version:                3
Sep 11 13:02:24 michal-comp kernel: [    0.091830] ... bit width:              48
Sep 11 13:02:24 michal-comp kernel: [    0.091831] ... generic registers:      4
Sep 11 13:02:24 michal-comp kernel: [    0.091832] ... value mask:             0000ffffffffffff
Sep 11 13:02:24 michal-comp kernel: [    0.091833] ... max period:             0000ffffffffffff
Sep 11 13:02:24 michal-comp kernel: [    0.091834] ... fixed-purpose events:   3
Sep 11 13:02:24 michal-comp kernel: [    0.091835] ... event mask:             000000070000000f
Sep 11 13:02:24 michal-comp kernel: [    0.092836] x86: Booting SMP configuration:
Sep 11 13:02:24 michal-comp kernel: [    0.092838] .... node  #0, CPUs:        #1
Sep 11 13:02:24 michal-comp kernel: [    0.093410] microcode: CPU1 microcode updated early to revision 0x29, date = 2013-06-12
Sep 11 13:02:24 michal-comp kernel: [    0.095700] NMI watchdog: enabled on all CPUs, permanently consumes one hw-PMU counter.
Sep 11 13:02:24 michal-comp kernel: [    0.095786]   #2  #3
Sep 11 13:02:24 michal-comp kernel: [    0.100600] x86: Booted up 1 node, 4 CPUs
Sep 11 13:02:24 michal-comp kernel: [    0.100605] smpboot: Total of 4 processors activated (19155.90 BogoMIPS)
Sep 11 13:02:24 michal-comp kernel: [    0.103832] devtmpfs: initialized
Sep 11 13:02:24 michal-comp kernel: [    0.107233] evm: security.selinux
Sep 11 13:02:24 michal-comp kernel: [    0.107234] evm: security.SMACK64
Sep 11 13:02:24 michal-comp kernel: [    0.107235] evm: security.SMACK64EXEC
Sep 11 13:02:24 michal-comp kernel: [    0.107236] evm: security.SMACK64TRANSMUTE
Sep 11 13:02:24 michal-comp kernel: [    0.107237] evm: security.SMACK64MMAP
Sep 11 13:02:24 michal-comp kernel: [    0.107238] evm: security.ima
Sep 11 13:02:24 michal-comp kernel: [    0.107239] evm: security.capability
Sep 11 13:02:24 michal-comp kernel: [    0.107306] PM: Registering ACPI NVS region [mem 0xaaf19000-0xaafe7fff] (847872 bytes)
Sep 11 13:02:24 michal-comp kernel: [    0.107400] clocksource: jiffies: mask: 0xffffffff max_cycles: 0xffffffff, max_idle_ns: 7645041785100000 ns
Sep 11 13:02:24 michal-comp kernel: [    0.107487] pinctrl core: initialized pinctrl subsystem
Sep 11 13:02:24 michal-comp kernel: [    0.107597] RTC time: 11:02:11, date: 09/11/16
Sep 11 13:02:24 michal-comp kernel: [    0.107709] NET: Registered protocol family 16
Sep 11 13:02:24 michal-comp kernel: [    0.116609] cpuidle: using governor ladder
Sep 11 13:02:24 michal-comp kernel: [    0.132620] cpuidle: using governor menu
Sep 11 13:02:24 michal-comp kernel: [    0.132631] PCCT header not found.
Sep 11 13:02:24 michal-comp kernel: [    0.132775] ACPI FADT declares the system doesn't support PCIe ASPM, so disable it
Sep 11 13:02:24 michal-comp kernel: [    0.132777] ACPI: bus type PCI registered
Sep 11 13:02:24 michal-comp kernel: [    0.132779] acpiphp: ACPI Hot Plug PCI Controller Driver version: 0.5
Sep 11 13:02:24 michal-comp kernel: [    0.132853] PCI: MMCONFIG for domain 0000 [bus 00-3f] at [mem 0xe0000000-0xe3ffffff] (base 0xe0000000)
Sep 11 13:02:24 michal-comp kernel: [    0.132856] PCI: MMCONFIG at [mem 0xe0000000-0xe3ffffff] reserved in E820
Sep 11 13:02:24 michal-comp kernel: [    0.132862] PCI: Using configuration type 1 for base access
Sep 11 13:02:24 michal-comp kernel: [    0.132899] core: PMU erratum BJ122, BV98, HSD29 worked around, HT is on
Sep 11 13:02:24 michal-comp kernel: [    0.145057] ACPI: Added _OSI(Module Device)
Sep 11 13:02:24 michal-comp kernel: [    0.145059] ACPI: Added _OSI(Processor Device)
Sep 11 13:02:24 michal-comp kernel: [    0.145061] ACPI: Added _OSI(3.0 _SCP Extensions)
Sep 11 13:02:24 michal-comp kernel: [    0.145062] ACPI: Added _OSI(Processor Aggregator Device)
Sep 11 13:02:24 michal-comp kernel: [    0.146626] ACPI : EC: EC description table is found, configuring boot EC
Sep 11 13:02:24 michal-comp kernel: [    0.146692] ACPI : EC: EC started
Sep 11 13:02:24 michal-comp kernel: [    0.148261] ACPI: Executed 1 blocks of module-level executable AML code
Sep 11 13:02:24 michal-comp kernel: [    0.150777] [Firmware Bug]: ACPI: BIOS _OSI(Linux) query ignored
Sep 11 13:02:24 michal-comp kernel: [    0.205293] ACPI: Dynamic OEM Table Load:
Sep 11 13:02:24 michal-comp kernel: [    0.205300] ACPI: SSDT 0xFFFF880149CAA800 000694 (v01 PmRef  Cpu0Cst  00003001 INTL 20091112)
Sep 11 13:02:24 michal-comp kernel: [    0.205877] ACPI: Dynamic OEM Table Load:
Sep 11 13:02:24 michal-comp kernel: [    0.205882] ACPI: SSDT 0xFFFF880149CDA400 000303 (v01 PmRef  ApIst    00003000 INTL 20091112)
Sep 11 13:02:24 michal-comp kernel: [    0.206388] ACPI: Dynamic OEM Table Load:
Sep 11 13:02:24 michal-comp kernel: [    0.206392] ACPI: SSDT 0xFFFF880149C9FC00 000119 (v01 PmRef  ApCst    00003000 INTL 20091112)
Sep 11 13:02:24 michal-comp kernel: [    0.207278] ACPI: Interpreter enabled
Sep 11 13:02:24 michal-comp kernel: [    0.207289] ACPI Exception: AE_NOT_FOUND, While evaluating Sleep State [\_S2_] (20150930/hwxface-580)
Sep 11 13:02:24 michal-comp kernel: [    0.207302] ACPI: (supports S0 S1 S3 S4 S5)
Sep 11 13:02:24 michal-comp kernel: [    0.207303] ACPI: Using IOAPIC for interrupt routing
Sep 11 13:02:24 michal-comp kernel: [    0.207327] PCI: Using host bridge windows from ACPI; if necessary, use "pci=nocrs" and report a bug
Sep 11 13:02:24 michal-comp kernel: [    0.323333] ACPI: PCI Root Bridge [PCI0] (domain 0000 [bus 00-3e])
Sep 11 13:02:24 michal-comp kernel: [    0.323339] acpi PNP0A08:00: _OSC: OS supports [ExtendedConfig ASPM ClockPM Segments MSI]
Sep 11 13:02:24 michal-comp kernel: [    0.323371] \_SB_.PCI0:_OSC invalid UUID
Sep 11 13:02:24 michal-comp kernel: [    0.323372] _OSC request data:1 1f 0 
Sep 11 13:02:24 michal-comp kernel: [    0.323376] acpi PNP0A08:00: _OSC failed (AE_ERROR); disabling ASPM
Sep 11 13:02:24 michal-comp kernel: [    0.323786] PCI host bridge to bus 0000:00
Sep 11 13:02:24 michal-comp kernel: [    0.323789] pci_bus 0000:00: root bus resource [io  0x0000-0x0cf7 window]
Sep 11 13:02:24 michal-comp kernel: [    0.323791] pci_bus 0000:00: root bus resource [io  0x0d00-0xffff window]
Sep 11 13:02:24 michal-comp kernel: [    0.323792] pci_bus 0000:00: root bus resource [mem 0x000a0000-0x000bffff window]
Sep 11 13:02:24 michal-comp kernel: [    0.323794] pci_bus 0000:00: root bus resource [mem 0x000d0000-0x000d3fff window]
Sep 11 13:02:24 michal-comp kernel: [    0.323796] pci_bus 0000:00: root bus resource [mem 0x000d4000-0x000d7fff window]
Sep 11 13:02:24 michal-comp kernel: [    0.323797] pci_bus 0000:00: root bus resource [mem 0x000d8000-0x000dbfff window]
Sep 11 13:02:24 michal-comp kernel: [    0.323799] pci_bus 0000:00: root bus resource [mem 0x000dc000-0x000dffff window]
Sep 11 13:02:24 michal-comp kernel: [    0.323800] pci_bus 0000:00: root bus resource [mem 0x000e0000-0x000e3fff window]
Sep 11 13:02:24 michal-comp kernel: [    0.323802] pci_bus 0000:00: root bus resource [mem 0x000e4000-0x000e7fff window]
Sep 11 13:02:24 michal-comp kernel: [    0.323804] pci_bus 0000:00: root bus resource [mem 0xafa00000-0xfeafffff window]
Sep 11 13:02:24 michal-comp kernel: [    0.323805] pci_bus 0000:00: root bus resource [mem 0xfed40000-0xfed44fff window]
Sep 11 13:02:24 michal-comp kernel: [    0.323807] pci_bus 0000:00: root bus resource [bus 00-3e]
Sep 11 13:02:24 michal-comp kernel: [    0.323815] pci 0000:00:00.0: [8086:0104] type 00 class 0x060000
Sep 11 13:02:24 michal-comp kernel: [    0.323911] pci 0000:00:01.0: [8086:0101] type 01 class 0x060400
Sep 11 13:02:24 michal-comp kernel: [    0.323943] pci 0000:00:01.0: PME# supported from D0 D3hot D3cold
Sep 11 13:02:24 michal-comp kernel: [    0.323988] pci 0000:00:01.0: System wakeup disabled by ACPI
Sep 11 13:02:24 michal-comp kernel: [    0.324029] pci 0000:00:02.0: [8086:0116] type 00 class 0x030000
Sep 11 13:02:24 michal-comp kernel: [    0.324042] pci 0000:00:02.0: reg 0x10: [mem 0xdc400000-0xdc7fffff 64bit]
Sep 11 13:02:24 michal-comp kernel: [    0.324048] pci 0000:00:02.0: reg 0x18: [mem 0xb0000000-0xbfffffff 64bit pref]
Sep 11 13:02:24 michal-comp kernel: [    0.324053] pci 0000:00:02.0: reg 0x20: [io  0xe000-0xe03f]
Sep 11 13:02:24 michal-comp kernel: [    0.324175] pci 0000:00:16.0: [8086:1c3a] type 00 class 0x078000
Sep 11 13:02:24 michal-comp kernel: [    0.324208] pci 0000:00:16.0: reg 0x10: [mem 0xdf00a000-0xdf00a00f 64bit]
Sep 11 13:02:24 michal-comp kernel: [    0.324273] pci 0000:00:16.0: PME# supported from D0 D3hot D3cold
Sep 11 13:02:24 michal-comp kernel: [    0.324364] pci 0000:00:1a.0: [8086:1c2d] type 00 class 0x0c0320
Sep 11 13:02:24 michal-comp kernel: [    0.324393] pci 0000:00:1a.0: reg 0x10: [mem 0xdf008000-0xdf0083ff]
Sep 11 13:02:24 michal-comp kernel: [    0.324468] pci 0000:00:1a.0: PME# supported from D0 D3hot D3cold
Sep 11 13:02:24 michal-comp kernel: [    0.324529] pci 0000:00:1a.0: System wakeup disabled by ACPI
Sep 11 13:02:24 michal-comp kernel: [    0.324572] pci 0000:00:1b.0: [8086:1c20] type 00 class 0x040300
Sep 11 13:02:24 michal-comp kernel: [    0.324599] pci 0000:00:1b.0: reg 0x10: [mem 0xdf000000-0xdf003fff 64bit]
Sep 11 13:02:24 michal-comp kernel: [    0.324662] pci 0000:00:1b.0: PME# supported from D0 D3hot D3cold
Sep 11 13:02:24 michal-comp kernel: [    0.324750] pci 0000:00:1c.0: [8086:1c10] type 01 class 0x060400
Sep 11 13:02:24 michal-comp kernel: [    0.324833] pci 0000:00:1c.0: PME# supported from D0 D3hot D3cold
Sep 11 13:02:24 michal-comp kernel: [    0.324922] pci 0000:00:1c.1: [8086:1c12] type 01 class 0x060400
Sep 11 13:02:24 michal-comp kernel: [    0.324999] pci 0000:00:1c.1: PME# supported from D0 D3hot D3cold
Sep 11 13:02:24 michal-comp kernel: [    0.325088] pci 0000:00:1c.3: [8086:1c16] type 01 class 0x060400
Sep 11 13:02:24 michal-comp kernel: [    0.325165] pci 0000:00:1c.3: PME# supported from D0 D3hot D3cold
Sep 11 13:02:24 michal-comp kernel: [    0.325254] pci 0000:00:1c.5: [8086:1c1a] type 01 class 0x060400
Sep 11 13:02:24 michal-comp kernel: [    0.325331] pci 0000:00:1c.5: PME# supported from D0 D3hot D3cold
Sep 11 13:02:24 michal-comp kernel: [    0.325421] pci 0000:00:1d.0: [8086:1c26] type 00 class 0x0c0320
Sep 11 13:02:24 michal-comp kernel: [    0.325450] pci 0000:00:1d.0: reg 0x10: [mem 0xdf007000-0xdf0073ff]
Sep 11 13:02:24 michal-comp kernel: [    0.325526] pci 0000:00:1d.0: PME# supported from D0 D3hot D3cold
Sep 11 13:02:24 michal-comp kernel: [    0.325586] pci 0000:00:1d.0: System wakeup disabled by ACPI
Sep 11 13:02:24 michal-comp kernel: [    0.325628] pci 0000:00:1f.0: [8086:1c49] type 00 class 0x060100
Sep 11 13:02:24 michal-comp kernel: [    0.325809] pci 0000:00:1f.2: [8086:1c03] type 00 class 0x010601
Sep 11 13:02:24 michal-comp kernel: [    0.325834] pci 0000:00:1f.2: reg 0x10: [io  0xe0b0-0xe0b7]
Sep 11 13:02:24 michal-comp kernel: [    0.325842] pci 0000:00:1f.2: reg 0x14: [io  0xe0a0-0xe0a3]
Sep 11 13:02:24 michal-comp kernel: [    0.325850] pci 0000:00:1f.2: reg 0x18: [io  0xe090-0xe097]
Sep 11 13:02:24 michal-comp kernel: [    0.325858] pci 0000:00:1f.2: reg 0x1c: [io  0xe080-0xe083]
Sep 11 13:02:24 michal-comp kernel: [    0.325867] pci 0000:00:1f.2: reg 0x20: [io  0xe060-0xe07f]
Sep 11 13:02:24 michal-comp kernel: [    0.325875] pci 0000:00:1f.2: reg 0x24: [mem 0xdf006000-0xdf0067ff]
Sep 11 13:02:24 michal-comp kernel: [    0.325909] pci 0000:00:1f.2: PME# supported from D3hot
Sep 11 13:02:24 michal-comp kernel: [    0.325988] pci 0000:00:1f.3: [8086:1c22] type 00 class 0x0c0500
Sep 11 13:02:24 michal-comp kernel: [    0.326006] pci 0000:00:1f.3: reg 0x10: [mem 0xdf005000-0xdf0050ff 64bit]
Sep 11 13:02:24 michal-comp kernel: [    0.326027] pci 0000:00:1f.3: reg 0x20: [io  0xe040-0xe05f]
Sep 11 13:02:24 michal-comp kernel: [    0.326164] pci 0000:01:00.0: [10de:0df4] type 00 class 0x030000
Sep 11 13:02:24 michal-comp kernel: [    0.326180] pci 0000:01:00.0: reg 0x10: [mem 0xdb000000-0xdbffffff]
Sep 11 13:02:24 michal-comp kernel: [    0.326188] pci 0000:01:00.0: reg 0x14: [mem 0xc0000000-0xcfffffff 64bit pref]
Sep 11 13:02:24 michal-comp kernel: [    0.326195] pci 0000:01:00.0: reg 0x1c: [mem 0xd0000000-0xd1ffffff 64bit pref]
Sep 11 13:02:24 michal-comp kernel: [    0.326200] pci 0000:01:00.0: reg 0x24: [io  0xd000-0xd07f]
Sep 11 13:02:24 michal-comp kernel: [    0.326205] pci 0000:01:00.0: reg 0x30: [mem 0xdc000000-0xdc07ffff pref]
Sep 11 13:02:24 michal-comp kernel: [    0.326271] pci 0000:01:00.0: System wakeup disabled by ACPI
Sep 11 13:02:24 michal-comp kernel: [    0.332806] pci 0000:00:01.0: PCI bridge to [bus 01]
Sep 11 13:02:24 michal-comp kernel: [    0.332814] pci 0000:00:01.0:   bridge window [io  0xd000-0xdfff]
Sep 11 13:02:24 michal-comp kernel: [    0.332821] pci 0000:00:01.0:   bridge window [mem 0xdb000000-0xdc0fffff]
Sep 11 13:02:24 michal-comp kernel: [    0.332830] pci 0000:00:01.0:   bridge window [mem 0xc0000000-0xd1ffffff 64bit pref]
Sep 11 13:02:24 michal-comp kernel: [    0.332942] pci 0000:00:1c.0: PCI bridge to [bus 02]
Sep 11 13:02:24 michal-comp kernel: [    0.332946] pci 0000:00:1c.0:   bridge window [io  0xc000-0xcfff]
Sep 11 13:02:24 michal-comp kernel: [    0.332950] pci 0000:00:1c.0:   bridge window [mem 0xde600000-0xdeffffff]
Sep 11 13:02:24 michal-comp kernel: [    0.332957] pci 0000:00:1c.0:   bridge window [mem 0xd4200000-0xd4bfffff 64bit pref]
Sep 11 13:02:24 michal-comp kernel: [    0.333028] pci 0000:03:00.0: [168c:002b] type 00 class 0x028000
Sep 11 13:02:24 michal-comp kernel: [    0.333079] pci 0000:03:00.0: reg 0x10: [mem 0xddc00000-0xddc0ffff 64bit]
Sep 11 13:02:24 michal-comp kernel: [    0.333212] pci 0000:03:00.0: supports D1
Sep 11 13:02:24 michal-comp kernel: [    0.333214] pci 0000:03:00.0: PME# supported from D0 D1 D3hot D3cold
Sep 11 13:02:24 michal-comp kernel: [    0.333258] pci 0000:03:00.0: System wakeup disabled by ACPI
Sep 11 13:02:24 michal-comp kernel: [    0.340818] pci 0000:00:1c.1: PCI bridge to [bus 03]
Sep 11 13:02:24 michal-comp kernel: [    0.340828] pci 0000:00:1c.1:   bridge window [io  0xb000-0xbfff]
Sep 11 13:02:24 michal-comp kernel: [    0.340837] pci 0000:00:1c.1:   bridge window [mem 0xddc00000-0xde5fffff]
Sep 11 13:02:24 michal-comp kernel: [    0.340851] pci 0000:00:1c.1:   bridge window [mem 0xd3700000-0xd40fffff 64bit pref]
Sep 11 13:02:24 michal-comp kernel: [    0.340978] pci 0000:04:00.0: [1b21:1042] type 00 class 0x0c0330
Sep 11 13:02:24 michal-comp kernel: [    0.341047] pci 0000:04:00.0: reg 0x10: [mem 0xdd200000-0xdd207fff 64bit]
Sep 11 13:02:24 michal-comp kernel: [    0.341220] pci 0000:04:00.0: PME# supported from D3hot D3cold
Sep 11 13:02:24 michal-comp kernel: [    0.341257] pci 0000:04:00.0: System wakeup disabled by ACPI
Sep 11 13:02:24 michal-comp kernel: [    0.348840] pci 0000:00:1c.3: PCI bridge to [bus 04]
Sep 11 13:02:24 michal-comp kernel: [    0.348851] pci 0000:00:1c.3:   bridge window [io  0xa000-0xafff]
Sep 11 13:02:24 michal-comp kernel: [    0.348860] pci 0000:00:1c.3:   bridge window [mem 0xdd200000-0xddbfffff]
Sep 11 13:02:24 michal-comp kernel: [    0.348874] pci 0000:00:1c.3:   bridge window [mem 0xd2c00000-0xd35fffff 64bit pref]
Sep 11 13:02:24 michal-comp kernel: [    0.348993] pci 0000:05:00.0: [10ec:8168] type 00 class 0x020000
Sep 11 13:02:24 michal-comp kernel: [    0.349042] pci 0000:05:00.0: reg 0x10: [io  0x9000-0x90ff]
Sep 11 13:02:24 michal-comp kernel: [    0.349077] pci 0000:05:00.0: reg 0x18: [mem 0xd2104000-0xd2104fff 64bit pref]
Sep 11 13:02:24 michal-comp kernel: [    0.349099] pci 0000:05:00.0: reg 0x20: [mem 0xd2100000-0xd2103fff 64bit pref]
Sep 11 13:02:24 michal-comp kernel: [    0.349185] pci 0000:05:00.0: supports D1 D2
Sep 11 13:02:24 michal-comp kernel: [    0.349187] pci 0000:05:00.0: PME# supported from D0 D1 D2 D3hot D3cold
Sep 11 13:02:24 michal-comp kernel: [    0.349236] pci 0000:05:00.0: System wakeup disabled by ACPI
Sep 11 13:02:24 michal-comp kernel: [    0.356837] pci 0000:00:1c.5: PCI bridge to [bus 05]
Sep 11 13:02:24 michal-comp kernel: [    0.356847] pci 0000:00:1c.5:   bridge window [io  0x9000-0x9fff]
Sep 11 13:02:24 michal-comp kernel: [    0.356857] pci 0000:00:1c.5:   bridge window [mem 0xdc800000-0xdd1fffff]
Sep 11 13:02:24 michal-comp kernel: [    0.356870] pci 0000:00:1c.5:   bridge window [mem 0xd2100000-0xd2afffff 64bit pref]
Sep 11 13:02:24 michal-comp kernel: [    0.413074] ACPI: PCI Interrupt Link [LNKA] (IRQs 1 3 4 5 6 *10 11 12 14 15)
Sep 11 13:02:24 michal-comp kernel: [    0.413126] ACPI: PCI Interrupt Link [LNKB] (IRQs 1 3 4 5 6 10 *11 12 14 15)
Sep 11 13:02:24 michal-comp kernel: [    0.413177] ACPI: PCI Interrupt Link [LNKC] (IRQs 1 3 4 5 6 10 *11 12 14 15)
Sep 11 13:02:24 michal-comp kernel: [    0.413226] ACPI: PCI Interrupt Link [LNKD] (IRQs 1 3 4 *5 6 10 11 12 14 15)
Sep 11 13:02:24 michal-comp kernel: [    0.413276] ACPI: PCI Interrupt Link [LNKE] (IRQs 1 3 4 5 6 10 11 12 14 15) *0, disabled.
Sep 11 13:02:24 michal-comp kernel: [    0.413326] ACPI: PCI Interrupt Link [LNKF] (IRQs 1 3 4 5 6 10 11 12 14 15) *0, disabled.
Sep 11 13:02:24 michal-comp kernel: [    0.413378] ACPI: PCI Interrupt Link [LNKG] (IRQs 1 *3 4 5 6 10 11 12 14 15)
Sep 11 13:02:24 michal-comp kernel: [    0.413427] ACPI: PCI Interrupt Link [LNKH] (IRQs 1 3 *4 5 6 10 11 12 14 15)
Sep 11 13:02:24 michal-comp kernel: [    0.413542] ACPI: Enabled 2 GPEs in block 00 to 3F
Sep 11 13:02:24 michal-comp kernel: [    0.419823] ACPI : EC: GPE = 0x1b, I/O: command/status = 0x66, data = 0x62
Sep 11 13:02:24 michal-comp kernel: [    0.419957] vgaarb: setting as boot device: PCI:0000:00:02.0
Sep 11 13:02:24 michal-comp kernel: [    0.419960] vgaarb: device added: PCI:0000:00:02.0,decodes=io+mem,owns=io+mem,locks=none
Sep 11 13:02:24 michal-comp kernel: [    0.419966] vgaarb: device added: PCI:0000:01:00.0,decodes=io+mem,owns=none,locks=none
Sep 11 13:02:24 michal-comp kernel: [    0.419968] vgaarb: loaded
Sep 11 13:02:24 michal-comp kernel: [    0.419969] vgaarb: bridge control possible 0000:01:00.0
Sep 11 13:02:24 michal-comp kernel: [    0.419970] vgaarb: no bridge control possible 0000:00:02.0
Sep 11 13:02:24 michal-comp kernel: [    0.420234] SCSI subsystem initialized
Sep 11 13:02:24 michal-comp kernel: [    0.420273] libata version 3.00 loaded.
Sep 11 13:02:24 michal-comp kernel: [    0.420296] ACPI: bus type USB registered
Sep 11 13:02:24 michal-comp kernel: [    0.420312] usbcore: registered new interface driver usbfs
Sep 11 13:02:24 michal-comp kernel: [    0.420320] usbcore: registered new interface driver hub
Sep 11 13:02:24 michal-comp kernel: [    0.420337] usbcore: registered new device driver usb
Sep 11 13:02:24 michal-comp kernel: [    0.420479] PCI: Using ACPI for IRQ routing
Sep 11 13:02:24 michal-comp kernel: [    0.422343] PCI: pci_cache_line_size set to 64 bytes
Sep 11 13:02:24 michal-comp kernel: [    0.422408] e820: reserve RAM buffer [mem 0x0009e800-0x0009ffff]
Sep 11 13:02:24 michal-comp kernel: [    0.422410] e820: reserve RAM buffer [mem 0xaabcc000-0xabffffff]
Sep 11 13:02:24 michal-comp kernel: [    0.422412] e820: reserve RAM buffer [mem 0xaace1000-0xabffffff]
Sep 11 13:02:24 michal-comp kernel: [    0.422413] e820: reserve RAM buffer [mem 0xaacf5000-0xabffffff]
Sep 11 13:02:24 michal-comp kernel: [    0.422415] e820: reserve RAM buffer [mem 0xaaf19000-0xabffffff]
Sep 11 13:02:24 michal-comp kernel: [    0.422416] e820: reserve RAM buffer [mem 0xaaffd000-0xabffffff]
Sep 11 13:02:24 michal-comp kernel: [    0.422418] e820: reserve RAM buffer [mem 0x14fe00000-0x14fffffff]
Sep 11 13:02:24 michal-comp kernel: [    0.422532] NetLabel: Initializing
Sep 11 13:02:24 michal-comp kernel: [    0.422533] NetLabel:  domain hash size = 128
Sep 11 13:02:24 michal-comp kernel: [    0.422534] NetLabel:  protocols = UNLABELED CIPSOv4
Sep 11 13:02:24 michal-comp kernel: [    0.422548] NetLabel:  unlabeled traffic allowed by default
Sep 11 13:02:24 michal-comp kernel: [    0.422624] hpet0: at MMIO 0xfed00000, IRQs 2, 8, 0, 0, 0, 0, 0, 0
Sep 11 13:02:24 michal-comp kernel: [    0.422629] hpet0: 8 comparators, 64-bit 14.318180 MHz counter
Sep 11 13:02:24 michal-comp kernel: [    0.425646] amd_nb: Cannot enumerate AMD northbridges
Sep 11 13:02:24 michal-comp kernel: [    0.425661] clocksource: Switched to clocksource hpet
Sep 11 13:02:24 michal-comp kernel: [    0.431734] AppArmor: AppArmor Filesystem Enabled
Sep 11 13:02:24 michal-comp kernel: [    0.431803] pnp: PnP ACPI init
Sep 11 13:02:24 michal-comp kernel: [    0.431948] system 00:00: [io  0x0680-0x069f] has been reserved
Sep 11 13:02:24 michal-comp kernel: [    0.431951] system 00:00: [io  0x1000-0x100f] has been reserved
Sep 11 13:02:24 michal-comp kernel: [    0.431953] system 00:00: [io  0xffff] has been reserved
Sep 11 13:02:24 michal-comp kernel: [    0.431954] system 00:00: [io  0xffff] has been reserved
Sep 11 13:02:24 michal-comp kernel: [    0.431956] system 00:00: [io  0x0400-0x0453] could not be reserved
Sep 11 13:02:24 michal-comp kernel: [    0.431958] system 00:00: [io  0x0458-0x047f] has been reserved
Sep 11 13:02:24 michal-comp kernel: [    0.431960] system 00:00: [io  0x0500-0x057f] has been reserved
Sep 11 13:02:24 michal-comp kernel: [    0.431962] system 00:00: [io  0x164e-0x164f] has been reserved
Sep 11 13:02:24 michal-comp kernel: [    0.431966] system 00:00: Plug and Play ACPI device, IDs PNP0c02 (active)
Sep 11 13:02:24 michal-comp kernel: [    0.431995] pnp 00:01: Plug and Play ACPI device, IDs PNP0b00 (active)
Sep 11 13:02:24 michal-comp kernel: [    0.432039] system 00:02: [io  0x0454-0x0457] has been reserved
Sep 11 13:02:24 michal-comp kernel: [    0.432042] system 00:02: Plug and Play ACPI device, IDs INT3f0d PNP0c02 (active)
Sep 11 13:02:24 michal-comp kernel: [    0.432088] pnp 00:03: Plug and Play ACPI device, IDs PNP0303 PNP030b (active)
Sep 11 13:02:24 michal-comp kernel: [    0.432138] pnp 00:04: Plug and Play ACPI device, IDs ETD0101 PNP0f0e PNP0f03 PNP0f12 PNP0f0b (active)
Sep 11 13:02:24 michal-comp kernel: [    0.485953] system 00:05: [mem 0xfed1c000-0xfed1ffff] has been reserved
Sep 11 13:02:24 michal-comp kernel: [    0.485956] system 00:05: [mem 0xfed10000-0xfed17fff] could not be reserved
Sep 11 13:02:24 michal-comp kernel: [    0.485958] system 00:05: [mem 0xfed18000-0xfed18fff] has been reserved
Sep 11 13:02:24 michal-comp kernel: [    0.485960] system 00:05: [mem 0xfed19000-0xfed19fff] has been reserved
Sep 11 13:02:24 michal-comp kernel: [    0.485962] system 00:05: [mem 0xe0000000-0xe3ffffff] has been reserved
Sep 11 13:02:24 michal-comp kernel: [    0.485964] system 00:05: [mem 0xfed20000-0xfed3ffff] has been reserved
Sep 11 13:02:24 michal-comp kernel: [    0.485965] system 00:05: [mem 0xfed90000-0xfed93fff] has been reserved
Sep 11 13:02:24 michal-comp kernel: [    0.485967] system 00:05: [mem 0xfed45000-0xfed8ffff] has been reserved
Sep 11 13:02:24 michal-comp kernel: [    0.485969] system 00:05: [mem 0xff000000-0xffffffff] could not be reserved
Sep 11 13:02:24 michal-comp kernel: [    0.485971] system 00:05: [mem 0xfee00000-0xfeefffff] could not be reserved
Sep 11 13:02:24 michal-comp kernel: [    0.485973] system 00:05: [mem 0xafa00000-0xafa00fff] has been reserved
Sep 11 13:02:24 michal-comp kernel: [    0.485976] system 00:05: Plug and Play ACPI device, IDs PNP0c02 (active)
Sep 11 13:02:24 michal-comp kernel: [    0.486027] system 00:06: [mem 0xafa00000-0xafa00fff] has been reserved
Sep 11 13:02:24 michal-comp kernel: [    0.486030] system 00:06: Plug and Play ACPI device, IDs PNP0c02 (active)
Sep 11 13:02:24 michal-comp kernel: [    0.486151] system 00:07: [mem 0x20000000-0x201fffff] has been reserved
Sep 11 13:02:24 michal-comp kernel: [    0.486153] system 00:07: [mem 0x40000000-0x401fffff] has been reserved
Sep 11 13:02:24 michal-comp kernel: [    0.486155] system 00:07: Plug and Play ACPI device, IDs PNP0c01 (active)
Sep 11 13:02:24 michal-comp kernel: [    0.486166] pnp: PnP ACPI: found 8 devices
Sep 11 13:02:24 michal-comp kernel: [    0.492513] clocksource: acpi_pm: mask: 0xffffff max_cycles: 0xffffff, max_idle_ns: 2085701024 ns
Sep 11 13:02:24 michal-comp kernel: [    0.492556] pci 0000:00:01.0: PCI bridge to [bus 01]
Sep 11 13:02:24 michal-comp kernel: [    0.492559] pci 0000:00:01.0:   bridge window [io  0xd000-0xdfff]
Sep 11 13:02:24 michal-comp kernel: [    0.492562] pci 0000:00:01.0:   bridge window [mem 0xdb000000-0xdc0fffff]
Sep 11 13:02:24 michal-comp kernel: [    0.492565] pci 0000:00:01.0:   bridge window [mem 0xc0000000-0xd1ffffff 64bit pref]
Sep 11 13:02:24 michal-comp kernel: [    0.492568] pci 0000:00:1c.0: PCI bridge to [bus 02]
Sep 11 13:02:24 michal-comp kernel: [    0.492572] pci 0000:00:1c.0:   bridge window [io  0xc000-0xcfff]
Sep 11 13:02:24 michal-comp kernel: [    0.492577] pci 0000:00:1c.0:   bridge window [mem 0xde600000-0xdeffffff]
Sep 11 13:02:24 michal-comp kernel: [    0.492581] pci 0000:00:1c.0:   bridge window [mem 0xd4200000-0xd4bfffff 64bit pref]
Sep 11 13:02:24 michal-comp kernel: [    0.492588] pci 0000:00:1c.1: PCI bridge to [bus 03]
Sep 11 13:02:24 michal-comp kernel: [    0.492591] pci 0000:00:1c.1:   bridge window [io  0xb000-0xbfff]
Sep 11 13:02:24 michal-comp kernel: [    0.492596] pci 0000:00:1c.1:   bridge window [mem 0xddc00000-0xde5fffff]
Sep 11 13:02:24 michal-comp kernel: [    0.492600] pci 0000:00:1c.1:   bridge window [mem 0xd3700000-0xd40fffff 64bit pref]
Sep 11 13:02:24 michal-comp kernel: [    0.492607] pci 0000:00:1c.3: PCI bridge to [bus 04]
Sep 11 13:02:24 michal-comp kernel: [    0.492610] pci 0000:00:1c.3:   bridge window [io  0xa000-0xafff]
Sep 11 13:02:24 michal-comp kernel: [    0.492615] pci 0000:00:1c.3:   bridge window [mem 0xdd200000-0xddbfffff]
Sep 11 13:02:24 michal-comp kernel: [    0.492619] pci 0000:00:1c.3:   bridge window [mem 0xd2c00000-0xd35fffff 64bit pref]
Sep 11 13:02:24 michal-comp kernel: [    0.492626] pci 0000:00:1c.5: PCI bridge to [bus 05]
Sep 11 13:02:24 michal-comp kernel: [    0.492629] pci 0000:00:1c.5:   bridge window [io  0x9000-0x9fff]
